<?xml version="1.0"?>
<link_info>
   <banner>TI ARM Linker PC v16.9.6.LTS</banner>
   <copyright>Copyright (c) 1996-2017 Texas Instruments Incorporated</copyright>
   <link_time>0x5a8b2cbd</link_time>
   <link_errors>0x0</link_errors>
   <output_file>Prelab7_SD_Write.out</output_file>
   <entry_point>
      <name>_c_int00</name>
      <address>0x59f1</address>
   </entry_point>
   <input_file_list>
      <input_file id="fl-2">
         <path>.\</path>
         <kind>object</kind>
         <file>clockConfig.obj</file>
         <name>clockConfig.obj</name>
      </input_file>
      <input_file id="fl-3">
         <path>.\</path>
         <kind>object</kind>
         <file>main.obj</file>
         <name>main.obj</name>
      </input_file>
      <input_file id="fl-4">
         <path>.\</path>
         <kind>object</kind>
         <file>printfOverride.obj</file>
         <name>printfOverride.obj</name>
      </input_file>
      <input_file id="fl-5">
         <path>.\</path>
         <kind>object</kind>
         <file>spiDriver.obj</file>
         <name>spiDriver.obj</name>
      </input_file>
      <input_file id="fl-6">
         <path>.\</path>
         <kind>object</kind>
         <file>startup_msp432p401r_ccs.obj</file>
         <name>startup_msp432p401r_ccs.obj</name>
      </input_file>
      <input_file id="fl-7">
         <path>.\</path>
         <kind>object</kind>
         <file>system_msp432p401r.obj</file>
         <name>system_msp432p401r.obj</name>
      </input_file>
      <input_file id="fl-8">
         <path>.\fatfs\port\</path>
         <kind>object</kind>
         <file>mmc-msp432P401r.obj</file>
         <name>mmc-msp432P401r.obj</name>
      </input_file>
      <input_file id="fl-9">
         <path>.\fatfs\src\</path>
         <kind>object</kind>
         <file>ff.obj</file>
         <name>ff.obj</name>
      </input_file>
      <input_file id="fl-a">
         <path>.\fatfs\src\option\</path>
         <kind>object</kind>
         <file>unicode.obj</file>
         <name>unicode.obj</name>
      </input_file>
      <input_file id="fl-b">
         <path>.\utils\</path>
         <kind>object</kind>
         <file>cmdline.obj</file>
         <name>cmdline.obj</name>
      </input_file>
      <input_file id="fl-10">
         <kind>object</kind>
         <file>&lt;internal&gt;</file>
         <name>&lt;internal&gt;</name>
      </input_file>
      <input_file id="fl-11">
         <path>C:\ti\msp\MSP432Ware_3_50_00_02\driverlib\driverlib\MSP432P4xx\ccs\</path>
         <kind>archive</kind>
         <file>msp432p4xx_driverlib.lib</file>
         <name>cs.o</name>
      </input_file>
      <input_file id="fl-12">
         <path>C:\ti\msp\MSP432Ware_3_50_00_02\driverlib\driverlib\MSP432P4xx\ccs\</path>
         <kind>archive</kind>
         <file>msp432p4xx_driverlib.lib</file>
         <name>gpio.o</name>
      </input_file>
      <input_file id="fl-13">
         <path>C:\ti\msp\MSP432Ware_3_50_00_02\driverlib\driverlib\MSP432P4xx\ccs\</path>
         <kind>archive</kind>
         <file>msp432p4xx_driverlib.lib</file>
         <name>interrupt.o</name>
      </input_file>
      <input_file id="fl-14">
         <path>C:\ti\msp\MSP432Ware_3_50_00_02\driverlib\driverlib\MSP432P4xx\ccs\</path>
         <kind>archive</kind>
         <file>msp432p4xx_driverlib.lib</file>
         <name>spi.o</name>
      </input_file>
      <input_file id="fl-15">
         <path>C:\ti\msp\MSP432Ware_3_50_00_02\driverlib\driverlib\MSP432P4xx\ccs\</path>
         <kind>archive</kind>
         <file>msp432p4xx_driverlib.lib</file>
         <name>sysctl.o</name>
      </input_file>
      <input_file id="fl-16">
         <path>C:\ti\msp\MSP432Ware_3_50_00_02\driverlib\driverlib\MSP432P4xx\ccs\</path>
         <kind>archive</kind>
         <file>msp432p4xx_driverlib.lib</file>
         <name>systick.o</name>
      </input_file>
      <input_file id="fl-17">
         <path>C:\ti\msp\MSP432Ware_3_50_00_02\driverlib\driverlib\MSP432P4xx\ccs\</path>
         <kind>archive</kind>
         <file>msp432p4xx_driverlib.lib</file>
         <name>uart.o</name>
      </input_file>
      <input_file id="fl-18">
         <path>C:\ti\msp\MSP432Ware_3_50_00_02\driverlib\driverlib\MSP432P4xx\ccs\</path>
         <kind>archive</kind>
         <file>msp432p4xx_driverlib.lib</file>
         <name>cpu.o</name>
      </input_file>
      <input_file id="fl-ce">
         <path>C:\ti\ccsv7\tools\compiler\ti-cgt-arm_16.9.6.LTS\lib\</path>
         <kind>archive</kind>
         <file>rtsv7M4_T_le_v4SPD16_eabi.lib</file>
         <name>boot.obj</name>
      </input_file>
      <input_file id="fl-cf">
         <path>C:\ti\ccsv7\tools\compiler\ti-cgt-arm_16.9.6.LTS\lib\</path>
         <kind>archive</kind>
         <file>rtsv7M4_T_le_v4SPD16_eabi.lib</file>
         <name>copy_decompress_lzss.obj</name>
      </input_file>
      <input_file id="fl-d0">
         <path>C:\ti\ccsv7\tools\compiler\ti-cgt-arm_16.9.6.LTS\lib\</path>
         <kind>archive</kind>
         <file>rtsv7M4_T_le_v4SPD16_eabi.lib</file>
         <name>copy_decompress_none.obj</name>
      </input_file>
      <input_file id="fl-d1">
         <path>C:\ti\ccsv7\tools\compiler\ti-cgt-arm_16.9.6.LTS\lib\</path>
         <kind>archive</kind>
         <file>rtsv7M4_T_le_v4SPD16_eabi.lib</file>
         <name>copy_zero_init.obj</name>
      </input_file>
      <input_file id="fl-d2">
         <path>C:\ti\ccsv7\tools\compiler\ti-cgt-arm_16.9.6.LTS\lib\</path>
         <kind>archive</kind>
         <file>rtsv7M4_T_le_v4SPD16_eabi.lib</file>
         <name>exit.obj</name>
      </input_file>
      <input_file id="fl-d3">
         <path>C:\ti\ccsv7\tools\compiler\ti-cgt-arm_16.9.6.LTS\lib\</path>
         <kind>archive</kind>
         <file>rtsv7M4_T_le_v4SPD16_eabi.lib</file>
         <name>memcpy_t2.obj</name>
      </input_file>
      <input_file id="fl-d4">
         <path>C:\ti\ccsv7\tools\compiler\ti-cgt-arm_16.9.6.LTS\lib\</path>
         <kind>archive</kind>
         <file>rtsv7M4_T_le_v4SPD16_eabi.lib</file>
         <name>memset_t2.obj</name>
      </input_file>
      <input_file id="fl-d5">
         <path>C:\ti\ccsv7\tools\compiler\ti-cgt-arm_16.9.6.LTS\lib\</path>
         <kind>archive</kind>
         <file>rtsv7M4_T_le_v4SPD16_eabi.lib</file>
         <name>mpu_init.obj</name>
      </input_file>
      <input_file id="fl-d6">
         <path>C:\ti\ccsv7\tools\compiler\ti-cgt-arm_16.9.6.LTS\lib\</path>
         <kind>archive</kind>
         <file>rtsv7M4_T_le_v4SPD16_eabi.lib</file>
         <name>pre_init.obj</name>
      </input_file>
      <input_file id="fl-d7">
         <path>C:\ti\ccsv7\tools\compiler\ti-cgt-arm_16.9.6.LTS\lib\</path>
         <kind>archive</kind>
         <file>rtsv7M4_T_le_v4SPD16_eabi.lib</file>
         <name>printf.obj</name>
      </input_file>
      <input_file id="fl-d8">
         <path>C:\ti\ccsv7\tools\compiler\ti-cgt-arm_16.9.6.LTS\lib\</path>
         <kind>archive</kind>
         <file>rtsv7M4_T_le_v4SPD16_eabi.lib</file>
         <name>stkdepth_vars.obj</name>
      </input_file>
      <input_file id="fl-d9">
         <path>C:\ti\ccsv7\tools\compiler\ti-cgt-arm_16.9.6.LTS\lib\</path>
         <kind>archive</kind>
         <file>rtsv7M4_T_le_v4SPD16_eabi.lib</file>
         <name>strcmp.obj</name>
      </input_file>
      <input_file id="fl-da">
         <path>C:\ti\ccsv7\tools\compiler\ti-cgt-arm_16.9.6.LTS\lib\</path>
         <kind>archive</kind>
         <file>rtsv7M4_T_le_v4SPD16_eabi.lib</file>
         <name>strlen.obj</name>
      </input_file>
      <input_file id="fl-db">
         <path>C:\ti\ccsv7\tools\compiler\ti-cgt-arm_16.9.6.LTS\lib\</path>
         <kind>archive</kind>
         <file>rtsv7M4_T_le_v4SPD16_eabi.lib</file>
         <name>_lock.obj</name>
      </input_file>
      <input_file id="fl-dc">
         <path>C:\ti\ccsv7\tools\compiler\ti-cgt-arm_16.9.6.LTS\lib\</path>
         <kind>archive</kind>
         <file>rtsv7M4_T_le_v4SPD16_eabi.lib</file>
         <name>_printfi.obj</name>
      </input_file>
      <input_file id="fl-dd">
         <path>C:\ti\ccsv7\tools\compiler\ti-cgt-arm_16.9.6.LTS\lib\</path>
         <kind>archive</kind>
         <file>rtsv7M4_T_le_v4SPD16_eabi.lib</file>
         <name>args_main.obj</name>
      </input_file>
      <input_file id="fl-de">
         <path>C:\ti\ccsv7\tools\compiler\ti-cgt-arm_16.9.6.LTS\lib\</path>
         <kind>archive</kind>
         <file>rtsv7M4_T_le_v4SPD16_eabi.lib</file>
         <name>atoi.obj</name>
      </input_file>
      <input_file id="fl-df">
         <path>C:\ti\ccsv7\tools\compiler\ti-cgt-arm_16.9.6.LTS\lib\</path>
         <kind>archive</kind>
         <file>rtsv7M4_T_le_v4SPD16_eabi.lib</file>
         <name>autoinit.obj</name>
      </input_file>
      <input_file id="fl-e0">
         <path>C:\ti\ccsv7\tools\compiler\ti-cgt-arm_16.9.6.LTS\lib\</path>
         <kind>archive</kind>
         <file>rtsv7M4_T_le_v4SPD16_eabi.lib</file>
         <name>cpy_tbl.obj</name>
      </input_file>
      <input_file id="fl-e1">
         <path>C:\ti\ccsv7\tools\compiler\ti-cgt-arm_16.9.6.LTS\lib\</path>
         <kind>archive</kind>
         <file>rtsv7M4_T_le_v4SPD16_eabi.lib</file>
         <name>ctype.obj</name>
      </input_file>
      <input_file id="fl-e2">
         <path>C:\ti\ccsv7\tools\compiler\ti-cgt-arm_16.9.6.LTS\lib\</path>
         <kind>archive</kind>
         <file>rtsv7M4_T_le_v4SPD16_eabi.lib</file>
         <name>defs.obj</name>
      </input_file>
      <input_file id="fl-e3">
         <path>C:\ti\ccsv7\tools\compiler\ti-cgt-arm_16.9.6.LTS\lib\</path>
         <kind>archive</kind>
         <file>rtsv7M4_T_le_v4SPD16_eabi.lib</file>
         <name>fd_add_t2.obj</name>
      </input_file>
      <input_file id="fl-e4">
         <path>C:\ti\ccsv7\tools\compiler\ti-cgt-arm_16.9.6.LTS\lib\</path>
         <kind>archive</kind>
         <file>rtsv7M4_T_le_v4SPD16_eabi.lib</file>
         <name>fd_cmp_t2.obj</name>
      </input_file>
      <input_file id="fl-e5">
         <path>C:\ti\ccsv7\tools\compiler\ti-cgt-arm_16.9.6.LTS\lib\</path>
         <kind>archive</kind>
         <file>rtsv7M4_T_le_v4SPD16_eabi.lib</file>
         <name>fd_div_t2.obj</name>
      </input_file>
      <input_file id="fl-e6">
         <path>C:\ti\ccsv7\tools\compiler\ti-cgt-arm_16.9.6.LTS\lib\</path>
         <kind>archive</kind>
         <file>rtsv7M4_T_le_v4SPD16_eabi.lib</file>
         <name>fd_mul_t2.obj</name>
      </input_file>
      <input_file id="fl-e7">
         <path>C:\ti\ccsv7\tools\compiler\ti-cgt-arm_16.9.6.LTS\lib\</path>
         <kind>archive</kind>
         <file>rtsv7M4_T_le_v4SPD16_eabi.lib</file>
         <name>fd_toi_t2.obj</name>
      </input_file>
      <input_file id="fl-e8">
         <path>C:\ti\ccsv7\tools\compiler\ti-cgt-arm_16.9.6.LTS\lib\</path>
         <kind>archive</kind>
         <file>rtsv7M4_T_le_v4SPD16_eabi.lib</file>
         <name>i_tofd_t2.obj</name>
      </input_file>
      <input_file id="fl-e9">
         <path>C:\ti\ccsv7\tools\compiler\ti-cgt-arm_16.9.6.LTS\lib\</path>
         <kind>archive</kind>
         <file>rtsv7M4_T_le_v4SPD16_eabi.lib</file>
         <name>ltoa.obj</name>
      </input_file>
      <input_file id="fl-ea">
         <path>C:\ti\ccsv7\tools\compiler\ti-cgt-arm_16.9.6.LTS\lib\</path>
         <kind>archive</kind>
         <file>rtsv7M4_T_le_v4SPD16_eabi.lib</file>
         <name>memccpy.obj</name>
      </input_file>
      <input_file id="fl-eb">
         <path>C:\ti\ccsv7\tools\compiler\ti-cgt-arm_16.9.6.LTS\lib\</path>
         <kind>archive</kind>
         <file>rtsv7M4_T_le_v4SPD16_eabi.lib</file>
         <name>s_frexp.obj</name>
      </input_file>
      <input_file id="fl-ec">
         <path>C:\ti\ccsv7\tools\compiler\ti-cgt-arm_16.9.6.LTS\lib\</path>
         <kind>archive</kind>
         <file>rtsv7M4_T_le_v4SPD16_eabi.lib</file>
         <name>s_scalbn.obj</name>
      </input_file>
      <input_file id="fl-ed">
         <path>C:\ti\ccsv7\tools\compiler\ti-cgt-arm_16.9.6.LTS\lib\</path>
         <kind>archive</kind>
         <file>rtsv7M4_T_le_v4SPD16_eabi.lib</file>
         <name>startup.obj</name>
      </input_file>
      <input_file id="fl-ee">
         <path>C:\ti\ccsv7\tools\compiler\ti-cgt-arm_16.9.6.LTS\lib\</path>
         <kind>archive</kind>
         <file>rtsv7M4_T_le_v4SPD16_eabi.lib</file>
         <name>strchr.obj</name>
      </input_file>
      <input_file id="fl-ef">
         <path>C:\ti\ccsv7\tools\compiler\ti-cgt-arm_16.9.6.LTS\lib\</path>
         <kind>archive</kind>
         <file>rtsv7M4_T_le_v4SPD16_eabi.lib</file>
         <name>ull_div_t2.obj</name>
      </input_file>
      <input_file id="fl-f0">
         <path>C:\ti\ccsv7\tools\compiler\ti-cgt-arm_16.9.6.LTS\lib\</path>
         <kind>archive</kind>
         <file>rtsv7M4_T_le_v4SPD16_eabi.lib</file>
         <name>errno.obj</name>
      </input_file>
      <input_file id="fl-f1">
         <path>C:\ti\ccsv7\tools\compiler\ti-cgt-arm_16.9.6.LTS\lib\</path>
         <kind>archive</kind>
         <file>rtsv7M4_T_le_v4SPD16_eabi.lib</file>
         <name>s_copysign.obj</name>
      </input_file>
   </input_file_list>
   <object_component_list>
      <object_component id="oc-28">
         <name>.intvecs:retain</name>
         <load_address>0x0</load_address>
         <run_address>0x0</run_address>
         <size>0x140</size>
         <input_file_ref idref="fl-6"/>
      </object_component>
      <object_component id="oc-105">
         <name>.text</name>
         <load_address>0x140</load_address>
         <run_address>0x140</run_address>
         <size>0x2a0e</size>
         <input_file_ref idref="fl-9"/>
      </object_component>
      <object_component id="oc-4f">
         <name>.text</name>
         <load_address>0x2b4e</load_address>
         <run_address>0x2b4e</run_address>
         <size>0x2</size>
         <input_file_ref idref="fl-d5"/>
      </object_component>
      <object_component id="oc-190">
         <name>.text</name>
         <load_address>0x2b50</load_address>
         <run_address>0x2b50</run_address>
         <size>0x113e</size>
         <input_file_ref idref="fl-dc"/>
      </object_component>
      <object_component id="oc-9e">
         <name>.text</name>
         <load_address>0x3c8e</load_address>
         <run_address>0x3c8e</run_address>
         <size>0x2</size>
         <input_file_ref idref="fl-ed"/>
      </object_component>
      <object_component id="oc-ba">
         <name>.text</name>
         <load_address>0x3c90</load_address>
         <run_address>0x3c90</run_address>
         <size>0x870</size>
         <input_file_ref idref="fl-8"/>
      </object_component>
      <object_component id="oc-77">
         <name>.text</name>
         <load_address>0x4500</load_address>
         <run_address>0x4500</run_address>
         <size>0x3d8</size>
         <input_file_ref idref="fl-3"/>
      </object_component>
      <object_component id="oc-b3">
         <name>.text</name>
         <load_address>0x48d8</load_address>
         <run_address>0x48d8</run_address>
         <size>0x328</size>
         <input_file_ref idref="fl-7"/>
      </object_component>
      <object_component id="oc-255">
         <name>.text</name>
         <load_address>0x4c00</load_address>
         <run_address>0x4c00</run_address>
         <size>0x1f4</size>
         <input_file_ref idref="fl-ef"/>
      </object_component>
      <object_component id="oc-27e">
         <name>.text</name>
         <load_address>0x4df4</load_address>
         <run_address>0x4df4</run_address>
         <size>0x1b6</size>
         <input_file_ref idref="fl-e3"/>
      </object_component>
      <object_component id="oc-264">
         <name>.text</name>
         <load_address>0x4faa</load_address>
         <run_address>0x4faa</run_address>
         <size>0x136</size>
         <input_file_ref idref="fl-e5"/>
      </object_component>
      <object_component id="oc-f9">
         <name>.text</name>
         <load_address>0x50e0</load_address>
         <run_address>0x50e0</run_address>
         <size>0x118</size>
         <input_file_ref idref="fl-5"/>
      </object_component>
      <object_component id="oc-25f">
         <name>.text</name>
         <load_address>0x51f8</load_address>
         <run_address>0x51f8</run_address>
         <size>0xfc</size>
         <input_file_ref idref="fl-e6"/>
      </object_component>
      <object_component id="oc-289">
         <name>.text</name>
         <load_address>0x52f4</load_address>
         <run_address>0x52f4</run_address>
         <size>0xfc</size>
         <input_file_ref idref="fl-ec"/>
      </object_component>
      <object_component id="oc-d5">
         <name>.text:CS_initClockSignal</name>
         <load_address>0x53f0</load_address>
         <run_address>0x53f0</run_address>
         <size>0xe0</size>
         <input_file_ref idref="fl-11"/>
      </object_component>
      <object_component id="oc-37">
         <name>.text</name>
         <load_address>0x54d0</load_address>
         <run_address>0x54d0</run_address>
         <size>0x9c</size>
         <input_file_ref idref="fl-d3"/>
      </object_component>
      <object_component id="oc-1be">
         <name>.text:SPI_initMaster</name>
         <load_address>0x556c</load_address>
         <run_address>0x556c</run_address>
         <size>0x88</size>
         <input_file_ref idref="fl-14"/>
      </object_component>
      <object_component id="oc-25a">
         <name>.text:__aeabi_cdcmple</name>
         <load_address>0x55f4</load_address>
         <run_address>0x55f4</run_address>
         <size>0x86</size>
         <input_file_ref idref="fl-e4"/>
      </object_component>
      <object_component id="oc-269">
         <name>.text:__aeabi_cdrcmple</name>
         <load_address>0x567a</load_address>
         <run_address>0x567a</run_address>
         <size>0x86</size>
         <input_file_ref idref="fl-e4"/>
      </object_component>
      <object_component id="oc-43">
         <name>.text</name>
         <load_address>0x5700</load_address>
         <run_address>0x5700</run_address>
         <size>0x7a</size>
         <input_file_ref idref="fl-d4"/>
      </object_component>
      <object_component id="oc-5b">
         <name>.text</name>
         <load_address>0x577c</load_address>
         <run_address>0x577c</run_address>
         <size>0x70</size>
         <input_file_ref idref="fl-df"/>
      </object_component>
      <object_component id="oc-c6">
         <name>.text</name>
         <load_address>0x57ec</load_address>
         <run_address>0x57ec</run_address>
         <size>0x70</size>
         <input_file_ref idref="fl-d7"/>
      </object_component>
      <object_component id="oc-10">
         <name>.text:decompress:lzss</name>
         <load_address>0x585c</load_address>
         <run_address>0x585c</run_address>
         <size>0x68</size>
         <input_file_ref idref="fl-cf"/>
      </object_component>
      <object_component id="oc-e1">
         <name>.text:Interrupt_enableInterrupt</name>
         <load_address>0x58c4</load_address>
         <run_address>0x58c4</run_address>
         <size>0x64</size>
         <input_file_ref idref="fl-13"/>
      </object_component>
      <object_component id="oc-18a">
         <name>.text</name>
         <load_address>0x5928</load_address>
         <run_address>0x5928</run_address>
         <size>0x64</size>
         <input_file_ref idref="fl-4"/>
      </object_component>
      <object_component id="oc-283">
         <name>.text</name>
         <load_address>0x598c</load_address>
         <run_address>0x598c</run_address>
         <size>0x64</size>
         <input_file_ref idref="fl-eb"/>
      </object_component>
      <object_component id="oc-22">
         <name>.text</name>
         <load_address>0x59f0</load_address>
         <run_address>0x59f0</run_address>
         <size>0x54</size>
         <input_file_ref idref="fl-ce"/>
      </object_component>
      <object_component id="oc-67">
         <name>.text</name>
         <load_address>0x5a44</load_address>
         <run_address>0x5a44</run_address>
         <size>0x54</size>
         <input_file_ref idref="fl-d2"/>
      </object_component>
      <object_component id="oc-273">
         <name>.text</name>
         <load_address>0x5a98</load_address>
         <run_address>0x5a98</run_address>
         <size>0x54</size>
         <input_file_ref idref="fl-e9"/>
      </object_component>
      <object_component id="oc-295">
         <name>.text</name>
         <load_address>0x5aec</load_address>
         <run_address>0x5aec</run_address>
         <size>0x4c</size>
         <input_file_ref idref="fl-de"/>
      </object_component>
      <object_component id="oc-98">
         <name>.text</name>
         <load_address>0x5b38</load_address>
         <run_address>0x5b38</run_address>
         <size>0x4c</size>
         <input_file_ref idref="fl-e0"/>
      </object_component>
      <object_component id="oc-1b2">
         <name>.text:GPIO_setAsPeripheralModuleFunctionInputPin</name>
         <load_address>0x5b84</load_address>
         <run_address>0x5b84</run_address>
         <size>0x48</size>
         <input_file_ref idref="fl-12"/>
      </object_component>
      <object_component id="oc-26e">
         <name>.text</name>
         <load_address>0x5bcc</load_address>
         <run_address>0x5bcc</run_address>
         <size>0x48</size>
         <input_file_ref idref="fl-e7"/>
      </object_component>
      <object_component id="oc-21d">
         <name>.text:is_A_Module</name>
         <load_address>0x5c14</load_address>
         <run_address>0x5c14</run_address>
         <size>0x30</size>
         <input_file_ref idref="fl-14"/>
      </object_component>
      <object_component id="oc-279">
         <name>.text</name>
         <load_address>0x5c44</load_address>
         <run_address>0x5c44</run_address>
         <size>0x2e</size>
         <input_file_ref idref="fl-e8"/>
      </object_component>
      <object_component id="oc-1b8">
         <name>.text:GPIO_setAsOutputPin</name>
         <load_address>0x5c74</load_address>
         <run_address>0x5c74</run_address>
         <size>0x24</size>
         <input_file_ref idref="fl-12"/>
      </object_component>
      <object_component id="oc-cc">
         <name>.text:UART_transmitData</name>
         <load_address>0x5c98</load_address>
         <run_address>0x5c98</run_address>
         <size>0x24</size>
         <input_file_ref idref="fl-17"/>
      </object_component>
      <object_component id="oc-16c">
         <name>.text:SPI_transmitData</name>
         <load_address>0x5cbc</load_address>
         <run_address>0x5cbc</run_address>
         <size>0x20</size>
         <input_file_ref idref="fl-14"/>
      </object_component>
      <object_component id="oc-29b">
         <name>.text</name>
         <load_address>0x5cdc</load_address>
         <run_address>0x5cdc</run_address>
         <size>0x1c</size>
         <input_file_ref idref="fl-ea"/>
      </object_component>
      <object_component id="oc-1c4">
         <name>.text:SPI_enableModule</name>
         <load_address>0x5cf8</load_address>
         <run_address>0x5cf8</run_address>
         <size>0x1a</size>
         <input_file_ref idref="fl-14"/>
      </object_component>
      <object_component id="oc-172">
         <name>.text:SPI_receiveData</name>
         <load_address>0x5d12</load_address>
         <run_address>0x5d12</run_address>
         <size>0x1a</size>
         <input_file_ref idref="fl-14"/>
      </object_component>
      <object_component id="oc-160">
         <name>.text:GPIO_setOutputLowOnPin</name>
         <load_address>0x5d2c</load_address>
         <run_address>0x5d2c</run_address>
         <size>0x18</size>
         <input_file_ref idref="fl-12"/>
      </object_component>
      <object_component id="oc-61">
         <name>.text</name>
         <load_address>0x5d44</load_address>
         <run_address>0x5d44</run_address>
         <size>0x18</size>
         <input_file_ref idref="fl-dd"/>
      </object_component>
      <object_component id="oc-db">
         <name>.text:UART_enableInterrupt</name>
         <load_address>0x5d5c</load_address>
         <run_address>0x5d5c</run_address>
         <size>0x16</size>
         <input_file_ref idref="fl-17"/>
      </object_component>
      <object_component id="oc-28f">
         <name>.text</name>
         <load_address>0x5d72</load_address>
         <run_address>0x5d72</run_address>
         <size>0x16</size>
         <input_file_ref idref="fl-ee"/>
      </object_component>
      <object_component id="oc-166">
         <name>.text:GPIO_setOutputHighOnPin</name>
         <load_address>0x5d88</load_address>
         <run_address>0x5d88</run_address>
         <size>0x14</size>
         <input_file_ref idref="fl-12"/>
      </object_component>
      <object_component id="oc-c0">
         <name>.text:GPIO_toggleOutputOnPin</name>
         <load_address>0x5d9c</load_address>
         <run_address>0x5d9c</run_address>
         <size>0x14</size>
         <input_file_ref idref="fl-12"/>
      </object_component>
      <object_component id="oc-f3">
         <name>.text:SysTick_enableInterrupt</name>
         <load_address>0x5db0</load_address>
         <run_address>0x5db0</run_address>
         <size>0x14</size>
         <input_file_ref idref="fl-16"/>
      </object_component>
      <object_component id="oc-ed">
         <name>.text:SysTick_enableModule</name>
         <load_address>0x5dc4</load_address>
         <run_address>0x5dc4</run_address>
         <size>0x14</size>
         <input_file_ref idref="fl-16"/>
      </object_component>
      <object_component id="oc-150">
         <name>.text</name>
         <load_address>0x5dd8</load_address>
         <run_address>0x5dd8</run_address>
         <size>0x14</size>
         <input_file_ref idref="fl-db"/>
      </object_component>
      <object_component id="oc-30f">
         <name>.text</name>
         <load_address>0x5dec</load_address>
         <run_address>0x5dec</run_address>
         <size>0x14</size>
         <input_file_ref idref="fl-f1"/>
      </object_component>
      <object_component id="oc-24d">
         <name>.text</name>
         <load_address>0x5e00</load_address>
         <run_address>0x5e00</run_address>
         <size>0x14</size>
         <input_file_ref idref="fl-da"/>
      </object_component>
      <object_component id="oc-71">
         <name>.text</name>
         <load_address>0x5e14</load_address>
         <run_address>0x5e14</run_address>
         <size>0x14</size>
         <input_file_ref idref="fl-6"/>
      </object_component>
      <object_component id="oc-ff">
         <name>.text:Interrupt_enableMaster</name>
         <load_address>0x5e28</load_address>
         <run_address>0x5e28</run_address>
         <size>0x10</size>
         <input_file_ref idref="fl-13"/>
      </object_component>
      <object_component id="oc-16">
         <name>.text:decompress:none</name>
         <load_address>0x5e38</load_address>
         <run_address>0x5e38</run_address>
         <size>0xe</size>
         <input_file_ref idref="fl-d0"/>
      </object_component>
      <object_component id="oc-1d4">
         <name>.text:CPU_cpsie</name>
         <load_address>0x5e46</load_address>
         <run_address>0x5e46</run_address>
         <size>0xc</size>
         <input_file_ref idref="fl-18"/>
      </object_component>
      <object_component id="oc-2d5">
         <name>.text:EUSCI_A_SPI_enable</name>
         <load_address>0x5e52</load_address>
         <run_address>0x5e52</run_address>
         <size>0xc</size>
         <input_file_ref idref="fl-14"/>
      </object_component>
      <object_component id="oc-2cf">
         <name>.text:EUSCI_B_SPI_enable</name>
         <load_address>0x5e5e</load_address>
         <run_address>0x5e5e</run_address>
         <size>0xc</size>
         <input_file_ref idref="fl-14"/>
      </object_component>
      <object_component id="oc-e7">
         <name>.text:SysTick_setPeriod</name>
         <load_address>0x5e6c</load_address>
         <run_address>0x5e6c</run_address>
         <size>0xc</size>
         <input_file_ref idref="fl-16"/>
      </object_component>
      <object_component id="oc-1c">
         <name>.text:decompress:ZI</name>
         <load_address>0x5e78</load_address>
         <run_address>0x5e78</run_address>
         <size>0xc</size>
         <input_file_ref idref="fl-d1"/>
      </object_component>
      <object_component id="oc-231">
         <name>.text:EUSCI_A_SPI_receiveData</name>
         <load_address>0x5e84</load_address>
         <run_address>0x5e84</run_address>
         <size>0x6</size>
         <input_file_ref idref="fl-14"/>
      </object_component>
      <object_component id="oc-237">
         <name>.text:EUSCI_B_SPI_receiveData</name>
         <load_address>0x5e8a</load_address>
         <run_address>0x5e8a</run_address>
         <size>0x6</size>
         <input_file_ref idref="fl-14"/>
      </object_component>
      <object_component id="oc-229">
         <name>.text:EUSCI_A_SPI_transmitData</name>
         <load_address>0x5e90</load_address>
         <run_address>0x5e90</run_address>
         <size>0x4</size>
         <input_file_ref idref="fl-14"/>
      </object_component>
      <object_component id="oc-223">
         <name>.text:EUSCI_B_SPI_transmitData</name>
         <load_address>0x5e94</load_address>
         <run_address>0x5e94</run_address>
         <size>0x4</size>
         <input_file_ref idref="fl-14"/>
      </object_component>
      <object_component id="oc-55">
         <name>.text</name>
         <load_address>0x5e98</load_address>
         <run_address>0x5e98</run_address>
         <size>0x4</size>
         <input_file_ref idref="fl-d6"/>
      </object_component>
      <object_component id="oc-1a2">
         <name>.const:.string</name>
         <load_address>0x5e9c</load_address>
         <run_address>0x5e9c</run_address>
         <size>0x13a</size>
         <input_file_ref idref="fl-3"/>
      </object_component>
      <object_component id="oc-31c">
         <name>.const:.string:_ctypes_</name>
         <load_address>0x5fd6</load_address>
         <run_address>0x5fd6</run_address>
         <size>0x101</size>
         <input_file_ref idref="fl-e1"/>
      </object_component>
      <object_component id="oc-1a9">
         <name>.const</name>
         <load_address>0x60d8</load_address>
         <run_address>0x60d8</run_address>
         <size>0x40</size>
         <input_file_ref idref="fl-13"/>
      </object_component>
      <object_component id="oc-111">
         <name>.const:uartConfig</name>
         <load_address>0x6118</load_address>
         <run_address>0x6118</run_address>
         <size>0x24</size>
         <input_file_ref idref="fl-3"/>
      </object_component>
      <object_component id="oc-1ca">
         <name>.const:spiMasterConfig</name>
         <load_address>0x613c</load_address>
         <run_address>0x613c</run_address>
         <size>0x1c</size>
         <input_file_ref idref="fl-5"/>
      </object_component>
      <object_component id="oc-368">
         <name>.cinit..data.load</name>
         <load_address>0x6158</load_address>
         <run_address>0x6158</run_address>
         <size>0xd5</size>
      </object_component>
      <object_component id="oc-366">
         <name>__TI_handler_table</name>
         <load_address>0x6230</load_address>
         <run_address>0x6230</run_address>
         <size>0xc</size>
      </object_component>
      <object_component id="oc-369">
         <name>.cinit..bss.load</name>
         <load_address>0x6240</load_address>
         <run_address>0x6240</run_address>
         <size>0x8</size>
      </object_component>
      <object_component id="oc-367">
         <name>__TI_cinit_table</name>
         <load_address>0x6248</load_address>
         <run_address>0x6248</run_address>
         <size>0x10</size>
      </object_component>
      <object_component id="oc-10b">
         <name>.data</name>
         <load_address>0x200006c0</load_address>
         <run_address>0x200006c0</run_address>
         <size>0x9</size>
         <input_file_ref idref="fl-3"/>
      </object_component>
      <object_component id="oc-d2">
         <name>.data:g_psFResultStrings</name>
         <load_address>0x200005e4</load_address>
         <run_address>0x200005e4</run_address>
         <size>0xa0</size>
         <input_file_ref idref="fl-3"/>
      </object_component>
      <object_component id="oc-15c">
         <name>.data</name>
         <load_address>0x200006dc</load_address>
         <run_address>0x200006dc</run_address>
         <size>0x4</size>
         <input_file_ref idref="fl-7"/>
      </object_component>
      <object_component id="oc-17b">
         <name>.data</name>
         <load_address>0x200006c9</load_address>
         <run_address>0x200006c9</run_address>
         <size>0x2</size>
         <input_file_ref idref="fl-8"/>
      </object_component>
      <object_component id="oc-185">
         <name>.data:GPIO_PORT_TO_BASE</name>
         <load_address>0x20000684</load_address>
         <run_address>0x20000684</run_address>
         <size>0x30</size>
         <input_file_ref idref="fl-12"/>
      </object_component>
      <object_component id="oc-a8">
         <name>.data:$O1$$</name>
         <load_address>0x200006b4</load_address>
         <run_address>0x200006b4</run_address>
         <size>0xc</size>
         <input_file_ref idref="fl-d2"/>
      </object_component>
      <object_component id="oc-6d">
         <name>.data</name>
         <load_address>0x200006d8</load_address>
         <run_address>0x200006d8</run_address>
         <size>0x4</size>
         <input_file_ref idref="fl-d8"/>
      </object_component>
      <object_component id="oc-ab">
         <name>.data:$O1$$</name>
         <load_address>0x200006cc</load_address>
         <run_address>0x200006cc</run_address>
         <size>0x8</size>
         <input_file_ref idref="fl-db"/>
      </object_component>
      <object_component id="oc-196">
         <name>.data:_ftable</name>
         <load_address>0x200004f4</load_address>
         <run_address>0x200004f4</run_address>
         <size>0xf0</size>
         <input_file_ref idref="fl-e2"/>
      </object_component>
      <object_component id="oc-315">
         <name>.data</name>
         <load_address>0x200006d4</load_address>
         <run_address>0x200006d4</run_address>
         <size>0x4</size>
         <input_file_ref idref="fl-f0"/>
      </object_component>
      <object_component id="oc-11a">
         <name>.bss:g_pcTmpBuf</name>
         <uninitialized>true</uninitialized>
         <run_address>0x20000458</run_address>
         <size>0x50</size>
         <input_file_ref idref="fl-3"/>
      </object_component>
      <object_component id="oc-10e">
         <name>.bss:g_pcCmdBuf</name>
         <uninitialized>true</uninitialized>
         <run_address>0x200004a8</run_address>
         <size>0x40</size>
         <input_file_ref idref="fl-3"/>
      </object_component>
      <object_component id="oc-114">
         <name>.bss:g_sFatFs</name>
         <uninitialized>true</uninitialized>
         <run_address>0x20000000</run_address>
         <size>0x234</size>
         <input_file_ref idref="fl-3"/>
      </object_component>
      <object_component id="oc-117">
         <name>.bss:g_sFileObject</name>
         <uninitialized>true</uninitialized>
         <run_address>0x20000234</run_address>
         <size>0x224</size>
         <input_file_ref idref="fl-3"/>
      </object_component>
      <object_component id="oc-178">
         <name>.bss</name>
         <uninitialized>true</uninitialized>
         <run_address>0x200004ec</run_address>
         <size>0x3</size>
         <input_file_ref idref="fl-8"/>
      </object_component>
      <object_component id="oc-1db">
         <name>.bss:FatFs</name>
         <uninitialized>true</uninitialized>
         <run_address>0x200004e8</run_address>
         <size>0x4</size>
         <input_file_ref idref="fl-9"/>
      </object_component>
      <object_component id="oc-1de">
         <name>.bss</name>
         <uninitialized>true</uninitialized>
         <run_address>0x200004f0</run_address>
         <size>0x2</size>
         <input_file_ref idref="fl-9"/>
      </object_component>
      <object_component id="oc-2b">
         <name>.stack</name>
         <uninitialized>true</uninitialized>
         <run_address>0x2000fe00</run_address>
         <size>0x0</size>
         <input_file_ref idref="fl-ce"/>
      </object_component>
      <object_component id="oc-36a">
         <name>.stack</name>
         <uninitialized>true</uninitialized>
         <run_address>0x2000fe00</run_address>
         <size>0x0</size>
      </object_component>
      <object_component id="oc-2ec">
         <name>.debug_info</name>
         <load_address>0x0</load_address>
         <run_address>0x0</run_address>
         <size>0x64c</size>
         <input_file_ref idref="fl-2"/>
      </object_component>
      <object_component id="oc-1fb">
         <name>.debug_info</name>
         <load_address>0x64c</load_address>
         <run_address>0x64c</run_address>
         <size>0x1055</size>
         <input_file_ref idref="fl-2"/>
      </object_component>
      <object_component id="oc-1f6">
         <name>.debug_info</name>
         <load_address>0x16a1</load_address>
         <run_address>0x16a1</run_address>
         <size>0x37e2</size>
         <input_file_ref idref="fl-2"/>
      </object_component>
      <object_component id="oc-2c1">
         <name>.debug_info</name>
         <load_address>0x4e83</load_address>
         <run_address>0x4e83</run_address>
         <size>0x1b5</size>
         <input_file_ref idref="fl-2"/>
      </object_component>
      <object_component id="oc-12a">
         <name>.debug_info</name>
         <load_address>0x5038</load_address>
         <run_address>0x5038</run_address>
         <size>0x8b</size>
         <input_file_ref idref="fl-2"/>
      </object_component>
      <object_component id="oc-125">
         <name>.debug_info</name>
         <load_address>0x50c3</load_address>
         <run_address>0x50c3</run_address>
         <size>0x18b</size>
         <input_file_ref idref="fl-2"/>
      </object_component>
      <object_component id="oc-2e0">
         <name>.debug_info</name>
         <load_address>0x524e</load_address>
         <run_address>0x524e</run_address>
         <size>0x131</size>
         <input_file_ref idref="fl-2"/>
      </object_component>
      <object_component id="oc-200">
         <name>.debug_info</name>
         <load_address>0x537f</load_address>
         <run_address>0x537f</run_address>
         <size>0xee</size>
         <input_file_ref idref="fl-2"/>
      </object_component>
      <object_component id="oc-11e">
         <name>.debug_info</name>
         <load_address>0x546d</load_address>
         <run_address>0x546d</run_address>
         <size>0x964</size>
         <input_file_ref idref="fl-3"/>
      </object_component>
      <object_component id="oc-11b">
         <name>.debug_info</name>
         <load_address>0x5dd1</load_address>
         <run_address>0x5dd1</run_address>
         <size>0xe2</size>
         <input_file_ref idref="fl-3"/>
      </object_component>
      <object_component id="oc-10f">
         <name>.debug_info</name>
         <load_address>0x5eb3</load_address>
         <run_address>0x5eb3</run_address>
         <size>0xe2</size>
         <input_file_ref idref="fl-3"/>
      </object_component>
      <object_component id="oc-115">
         <name>.debug_info</name>
         <load_address>0x5f95</load_address>
         <run_address>0x5f95</run_address>
         <size>0xde</size>
         <input_file_ref idref="fl-3"/>
      </object_component>
      <object_component id="oc-118">
         <name>.debug_info</name>
         <load_address>0x6073</load_address>
         <run_address>0x6073</run_address>
         <size>0xe8</size>
         <input_file_ref idref="fl-3"/>
      </object_component>
      <object_component id="oc-10c">
         <name>.debug_info</name>
         <load_address>0x615b</load_address>
         <run_address>0x615b</run_address>
         <size>0xed</size>
         <input_file_ref idref="fl-3"/>
      </object_component>
      <object_component id="oc-d3">
         <name>.debug_info</name>
         <load_address>0x6248</load_address>
         <run_address>0x6248</run_address>
         <size>0xf3</size>
         <input_file_ref idref="fl-3"/>
      </object_component>
      <object_component id="oc-112">
         <name>.debug_info</name>
         <load_address>0x633b</load_address>
         <run_address>0x633b</run_address>
         <size>0xe3</size>
         <input_file_ref idref="fl-3"/>
      </object_component>
      <object_component id="oc-78">
         <name>.debug_info</name>
         <load_address>0x641e</load_address>
         <run_address>0x641e</run_address>
         <size>0x625</size>
         <input_file_ref idref="fl-3"/>
      </object_component>
      <object_component id="oc-120">
         <name>.debug_info</name>
         <load_address>0x6a43</load_address>
         <run_address>0x6a43</run_address>
         <size>0x4c5</size>
         <input_file_ref idref="fl-3"/>
      </object_component>
      <object_component id="oc-12f">
         <name>.debug_info</name>
         <load_address>0x6f08</load_address>
         <run_address>0x6f08</run_address>
         <size>0xe4</size>
         <input_file_ref idref="fl-3"/>
      </object_component>
      <object_component id="oc-180">
         <name>.debug_info</name>
         <load_address>0x6fec</load_address>
         <run_address>0x6fec</run_address>
         <size>0x70</size>
         <input_file_ref idref="fl-3"/>
      </object_component>
      <object_component id="oc-1f1">
         <name>.debug_info</name>
         <load_address>0x705c</load_address>
         <run_address>0x705c</run_address>
         <size>0x5e</size>
         <input_file_ref idref="fl-3"/>
      </object_component>
      <object_component id="oc-2f9">
         <name>.debug_info</name>
         <load_address>0x70ba</load_address>
         <run_address>0x70ba</run_address>
         <size>0xc8</size>
         <input_file_ref idref="fl-3"/>
      </object_component>
      <object_component id="oc-205">
         <name>.debug_info</name>
         <load_address>0x7182</load_address>
         <run_address>0x7182</run_address>
         <size>0x2c</size>
         <input_file_ref idref="fl-3"/>
      </object_component>
      <object_component id="oc-19b">
         <name>.debug_info</name>
         <load_address>0x71ae</load_address>
         <run_address>0x71ae</run_address>
         <size>0x4e</size>
         <input_file_ref idref="fl-3"/>
      </object_component>
      <object_component id="oc-254">
         <name>.debug_info</name>
         <load_address>0x71fc</load_address>
         <run_address>0x71fc</run_address>
         <size>0x5ab</size>
         <input_file_ref idref="fl-4"/>
      </object_component>
      <object_component id="oc-18b">
         <name>.debug_info</name>
         <load_address>0x77a7</load_address>
         <run_address>0x77a7</run_address>
         <size>0x1ff</size>
         <input_file_ref idref="fl-4"/>
      </object_component>
      <object_component id="oc-32">
         <name>.debug_info</name>
         <load_address>0x79a6</load_address>
         <run_address>0x79a6</run_address>
         <size>0x84</size>
         <input_file_ref idref="fl-4"/>
      </object_component>
      <object_component id="oc-1d3">
         <name>.debug_info</name>
         <load_address>0x7a2a</load_address>
         <run_address>0x7a2a</run_address>
         <size>0x6a1</size>
         <input_file_ref idref="fl-5"/>
      </object_component>
      <object_component id="oc-1cb">
         <name>.debug_info</name>
         <load_address>0x80cb</load_address>
         <run_address>0x80cb</run_address>
         <size>0xf2</size>
         <input_file_ref idref="fl-5"/>
      </object_component>
      <object_component id="oc-fb">
         <name>.debug_info</name>
         <load_address>0x81bd</load_address>
         <run_address>0x81bd</run_address>
         <size>0x3e5</size>
         <input_file_ref idref="fl-5"/>
      </object_component>
      <object_component id="oc-1ce">
         <name>.debug_info</name>
         <load_address>0x85a2</load_address>
         <run_address>0x85a2</run_address>
         <size>0x2c</size>
         <input_file_ref idref="fl-5"/>
      </object_component>
      <object_component id="oc-7f">
         <name>.debug_info</name>
         <load_address>0x85ce</load_address>
         <run_address>0x85ce</run_address>
         <size>0x301</size>
         <input_file_ref idref="fl-6"/>
      </object_component>
      <object_component id="oc-29">
         <name>.debug_info</name>
         <load_address>0x88cf</load_address>
         <run_address>0x88cf</run_address>
         <size>0x102</size>
         <input_file_ref idref="fl-6"/>
      </object_component>
      <object_component id="oc-73">
         <name>.debug_info</name>
         <load_address>0x89d1</load_address>
         <run_address>0x89d1</run_address>
         <size>0x2d8</size>
         <input_file_ref idref="fl-6"/>
      </object_component>
      <object_component id="oc-15d">
         <name>.debug_info</name>
         <load_address>0x8ca9</load_address>
         <run_address>0x8ca9</run_address>
         <size>0xfb</size>
         <input_file_ref idref="fl-7"/>
      </object_component>
      <object_component id="oc-b4">
         <name>.debug_info</name>
         <load_address>0x8da4</load_address>
         <run_address>0x8da4</run_address>
         <size>0x26d</size>
         <input_file_ref idref="fl-7"/>
      </object_component>
      <object_component id="oc-17f">
         <name>.debug_info</name>
         <load_address>0x9011</load_address>
         <run_address>0x9011</run_address>
         <size>0x679</size>
         <input_file_ref idref="fl-8"/>
      </object_component>
      <object_component id="oc-17c">
         <name>.debug_info</name>
         <load_address>0x968a</load_address>
         <run_address>0x968a</run_address>
         <size>0x10e</size>
         <input_file_ref idref="fl-8"/>
      </object_component>
      <object_component id="oc-179">
         <name>.debug_info</name>
         <load_address>0x9798</load_address>
         <run_address>0x9798</run_address>
         <size>0x12c</size>
         <input_file_ref idref="fl-8"/>
      </object_component>
      <object_component id="oc-bb">
         <name>.debug_info</name>
         <load_address>0x98c4</load_address>
         <run_address>0x98c4</run_address>
         <size>0x15a2</size>
         <input_file_ref idref="fl-8"/>
      </object_component>
      <object_component id="oc-1e2">
         <name>.debug_info</name>
         <load_address>0xae66</load_address>
         <run_address>0xae66</run_address>
         <size>0x447</size>
         <input_file_ref idref="fl-9"/>
      </object_component>
      <object_component id="oc-1dc">
         <name>.debug_info</name>
         <load_address>0xb2ad</load_address>
         <run_address>0xb2ad</run_address>
         <size>0xe1</size>
         <input_file_ref idref="fl-9"/>
      </object_component>
      <object_component id="oc-1df">
         <name>.debug_info</name>
         <load_address>0xb38e</load_address>
         <run_address>0xb38e</run_address>
         <size>0xdf</size>
         <input_file_ref idref="fl-9"/>
      </object_component>
      <object_component id="oc-109">
         <name>.debug_info</name>
         <load_address>0xb46d</load_address>
         <run_address>0xb46d</run_address>
         <size>0x2efc</size>
         <input_file_ref idref="fl-9"/>
      </object_component>
      <object_component id="oc-8f">
         <name>.debug_info</name>
         <load_address>0xe369</load_address>
         <run_address>0xe369</run_address>
         <size>0x2c</size>
         <input_file_ref idref="fl-b"/>
      </object_component>
      <object_component id="oc-1a6">
         <name>.debug_info</name>
         <load_address>0xe395</load_address>
         <run_address>0xe395</run_address>
         <size>0x5ef</size>
         <input_file_ref idref="fl-11"/>
      </object_component>
      <object_component id="oc-d8">
         <name>.debug_info</name>
         <load_address>0xe984</load_address>
         <run_address>0xe984</run_address>
         <size>0x1b9</size>
         <input_file_ref idref="fl-11"/>
      </object_component>
      <object_component id="oc-248">
         <name>.debug_info</name>
         <load_address>0xeb3d</load_address>
         <run_address>0xeb3d</run_address>
         <size>0x103e</size>
         <input_file_ref idref="fl-11"/>
      </object_component>
      <object_component id="oc-189">
         <name>.debug_info</name>
         <load_address>0xfb7b</load_address>
         <run_address>0xfb7b</run_address>
         <size>0x4a4</size>
         <input_file_ref idref="fl-12"/>
      </object_component>
      <object_component id="oc-186">
         <name>.debug_info</name>
         <load_address>0x1001f</load_address>
         <run_address>0x1001f</run_address>
         <size>0xd0</size>
         <input_file_ref idref="fl-12"/>
      </object_component>
      <object_component id="oc-c2">
         <name>.debug_info</name>
         <load_address>0x100ef</load_address>
         <run_address>0x100ef</run_address>
         <size>0x183</size>
         <input_file_ref idref="fl-12"/>
      </object_component>
      <object_component id="oc-162">
         <name>.debug_info</name>
         <load_address>0x10272</load_address>
         <run_address>0x10272</run_address>
         <size>0x183</size>
         <input_file_ref idref="fl-12"/>
      </object_component>
      <object_component id="oc-167">
         <name>.debug_info</name>
         <load_address>0x103f5</load_address>
         <run_address>0x103f5</run_address>
         <size>0x185</size>
         <input_file_ref idref="fl-12"/>
      </object_component>
      <object_component id="oc-1b3">
         <name>.debug_info</name>
         <load_address>0x1057a</load_address>
         <run_address>0x1057a</run_address>
         <size>0x1db</size>
         <input_file_ref idref="fl-12"/>
      </object_component>
      <object_component id="oc-1b9">
         <name>.debug_info</name>
         <load_address>0x10755</load_address>
         <run_address>0x10755</run_address>
         <size>0x19c</size>
         <input_file_ref idref="fl-12"/>
      </object_component>
      <object_component id="oc-1ad">
         <name>.debug_info</name>
         <load_address>0x108f1</load_address>
         <run_address>0x108f1</run_address>
         <size>0x432</size>
         <input_file_ref idref="fl-13"/>
      </object_component>
      <object_component id="oc-1aa">
         <name>.debug_info</name>
         <load_address>0x10d23</load_address>
         <run_address>0x10d23</run_address>
         <size>0x173</size>
         <input_file_ref idref="fl-13"/>
      </object_component>
      <object_component id="oc-100">
         <name>.debug_info</name>
         <load_address>0x10e96</load_address>
         <run_address>0x10e96</run_address>
         <size>0x122</size>
         <input_file_ref idref="fl-13"/>
      </object_component>
      <object_component id="oc-e3">
         <name>.debug_info</name>
         <load_address>0x10fb8</load_address>
         <run_address>0x10fb8</run_address>
         <size>0x16b</size>
         <input_file_ref idref="fl-13"/>
      </object_component>
      <object_component id="oc-230">
         <name>.debug_info</name>
         <load_address>0x11123</load_address>
         <run_address>0x11123</run_address>
         <size>0x4b1</size>
         <input_file_ref idref="fl-14"/>
      </object_component>
      <object_component id="oc-221">
         <name>.debug_info</name>
         <load_address>0x115d4</load_address>
         <run_address>0x115d4</run_address>
         <size>0x113</size>
         <input_file_ref idref="fl-14"/>
      </object_component>
      <object_component id="oc-227">
         <name>.debug_info</name>
         <load_address>0x116e7</load_address>
         <run_address>0x116e7</run_address>
         <size>0x183</size>
         <input_file_ref idref="fl-14"/>
      </object_component>
      <object_component id="oc-22d">
         <name>.debug_info</name>
         <load_address>0x1186a</load_address>
         <run_address>0x1186a</run_address>
         <size>0x183</size>
         <input_file_ref idref="fl-14"/>
      </object_component>
      <object_component id="oc-170">
         <name>.debug_info</name>
         <load_address>0x119ed</load_address>
         <run_address>0x119ed</run_address>
         <size>0x1d5</size>
         <input_file_ref idref="fl-14"/>
      </object_component>
      <object_component id="oc-232">
         <name>.debug_info</name>
         <load_address>0x11bc2</load_address>
         <run_address>0x11bc2</run_address>
         <size>0x143</size>
         <input_file_ref idref="fl-14"/>
      </object_component>
      <object_component id="oc-238">
         <name>.debug_info</name>
         <load_address>0x11d05</load_address>
         <run_address>0x11d05</run_address>
         <size>0x143</size>
         <input_file_ref idref="fl-14"/>
      </object_component>
      <object_component id="oc-173">
         <name>.debug_info</name>
         <load_address>0x11e48</load_address>
         <run_address>0x11e48</run_address>
         <size>0x193</size>
         <input_file_ref idref="fl-14"/>
      </object_component>
      <object_component id="oc-1bf">
         <name>.debug_info</name>
         <load_address>0x11fdb</load_address>
         <run_address>0x11fdb</run_address>
         <size>0x17c</size>
         <input_file_ref idref="fl-14"/>
      </object_component>
      <object_component id="oc-2d0">
         <name>.debug_info</name>
         <load_address>0x12157</load_address>
         <run_address>0x12157</run_address>
         <size>0x135</size>
         <input_file_ref idref="fl-14"/>
      </object_component>
      <object_component id="oc-2d6">
         <name>.debug_info</name>
         <load_address>0x1228c</load_address>
         <run_address>0x1228c</run_address>
         <size>0x135</size>
         <input_file_ref idref="fl-14"/>
      </object_component>
      <object_component id="oc-1c5">
         <name>.debug_info</name>
         <load_address>0x123c1</load_address>
         <run_address>0x123c1</run_address>
         <size>0x187</size>
         <input_file_ref idref="fl-14"/>
      </object_component>
      <object_component id="oc-1af">
         <name>.debug_info</name>
         <load_address>0x12548</load_address>
         <run_address>0x12548</run_address>
         <size>0x3fa</size>
         <input_file_ref idref="fl-16"/>
      </object_component>
      <object_component id="oc-eb">
         <name>.debug_info</name>
         <load_address>0x12942</load_address>
         <run_address>0x12942</run_address>
         <size>0x128</size>
         <input_file_ref idref="fl-16"/>
      </object_component>
      <object_component id="oc-f1">
         <name>.debug_info</name>
         <load_address>0x12a6a</load_address>
         <run_address>0x12a6a</run_address>
         <size>0x104</size>
         <input_file_ref idref="fl-16"/>
      </object_component>
      <object_component id="oc-f7">
         <name>.debug_info</name>
         <load_address>0x12b6e</load_address>
         <run_address>0x12b6e</run_address>
         <size>0x10a</size>
         <input_file_ref idref="fl-16"/>
      </object_component>
      <object_component id="oc-1a1">
         <name>.debug_info</name>
         <load_address>0x12c78</load_address>
         <run_address>0x12c78</run_address>
         <size>0x498</size>
         <input_file_ref idref="fl-17"/>
      </object_component>
      <object_component id="oc-cd">
         <name>.debug_info</name>
         <load_address>0x13110</load_address>
         <run_address>0x13110</run_address>
         <size>0x181</size>
         <input_file_ref idref="fl-17"/>
      </object_component>
      <object_component id="oc-dc">
         <name>.debug_info</name>
         <load_address>0x13291</load_address>
         <run_address>0x13291</run_address>
         <size>0x168</size>
         <input_file_ref idref="fl-17"/>
      </object_component>
      <object_component id="oc-1d5">
         <name>.debug_info</name>
         <load_address>0x133f9</load_address>
         <run_address>0x133f9</run_address>
         <size>0xe7</size>
         <input_file_ref idref="fl-18"/>
      </object_component>
      <object_component id="oc-25">
         <name>.debug_info</name>
         <load_address>0x134e0</load_address>
         <run_address>0x134e0</run_address>
         <size>0x160</size>
         <input_file_ref idref="fl-ce"/>
      </object_component>
      <object_component id="oc-85">
         <name>.debug_info</name>
         <load_address>0x13640</load_address>
         <run_address>0x13640</run_address>
         <size>0x293</size>
         <input_file_ref idref="fl-cf"/>
      </object_component>
      <object_component id="oc-12">
         <name>.debug_info</name>
         <load_address>0x138d3</load_address>
         <run_address>0x138d3</run_address>
         <size>0x245</size>
         <input_file_ref idref="fl-cf"/>
      </object_component>
      <object_component id="oc-2d">
         <name>.debug_info</name>
         <load_address>0x13b18</load_address>
         <run_address>0x13b18</run_address>
         <size>0x60</size>
         <input_file_ref idref="fl-cf"/>
      </object_component>
      <object_component id="oc-80">
         <name>.debug_info</name>
         <load_address>0x13b78</load_address>
         <run_address>0x13b78</run_address>
         <size>0x46</size>
         <input_file_ref idref="fl-cf"/>
      </object_component>
      <object_component id="oc-42">
         <name>.debug_info</name>
         <load_address>0x13bbe</load_address>
         <run_address>0x13bbe</run_address>
         <size>0x2da</size>
         <input_file_ref idref="fl-d0"/>
      </object_component>
      <object_component id="oc-18">
         <name>.debug_info</name>
         <load_address>0x13e98</load_address>
         <run_address>0x13e98</run_address>
         <size>0x1df</size>
         <input_file_ref idref="fl-d0"/>
      </object_component>
      <object_component id="oc-3d">
         <name>.debug_info</name>
         <load_address>0x14077</load_address>
         <run_address>0x14077</run_address>
         <size>0x46</size>
         <input_file_ref idref="fl-d0"/>
      </object_component>
      <object_component id="oc-87">
         <name>.debug_info</name>
         <load_address>0x140bd</load_address>
         <run_address>0x140bd</run_address>
         <size>0x2c</size>
         <input_file_ref idref="fl-d0"/>
      </object_component>
      <object_component id="oc-4e">
         <name>.debug_info</name>
         <load_address>0x140e9</load_address>
         <run_address>0x140e9</run_address>
         <size>0x2c9</size>
         <input_file_ref idref="fl-d1"/>
      </object_component>
      <object_component id="oc-1e">
         <name>.debug_info</name>
         <load_address>0x143b2</load_address>
         <run_address>0x143b2</run_address>
         <size>0x1aa</size>
         <input_file_ref idref="fl-d1"/>
      </object_component>
      <object_component id="oc-49">
         <name>.debug_info</name>
         <load_address>0x1455c</load_address>
         <run_address>0x1455c</run_address>
         <size>0x46</size>
         <input_file_ref idref="fl-d1"/>
      </object_component>
      <object_component id="oc-af">
         <name>.debug_info</name>
         <load_address>0x145a2</load_address>
         <run_address>0x145a2</run_address>
         <size>0x3ce</size>
         <input_file_ref idref="fl-d2"/>
      </object_component>
      <object_component id="oc-a9">
         <name>.debug_info</name>
         <load_address>0x14970</load_address>
         <run_address>0x14970</run_address>
         <size>0x185</size>
         <input_file_ref idref="fl-d2"/>
      </object_component>
      <object_component id="oc-6a">
         <name>.debug_info</name>
         <load_address>0x14af5</load_address>
         <run_address>0x14af5</run_address>
         <size>0x214</size>
         <input_file_ref idref="fl-d2"/>
      </object_component>
      <object_component id="oc-3a">
         <name>.debug_info</name>
         <load_address>0x14d09</load_address>
         <run_address>0x14d09</run_address>
         <size>0x111</size>
         <input_file_ref idref="fl-d3"/>
      </object_component>
      <object_component id="oc-44">
         <name>.debug_info</name>
         <load_address>0x14e1a</load_address>
         <run_address>0x14e1a</run_address>
         <size>0x13f</size>
         <input_file_ref idref="fl-d4"/>
      </object_component>
      <object_component id="oc-50">
         <name>.debug_info</name>
         <load_address>0x14f59</load_address>
         <run_address>0x14f59</run_address>
         <size>0x138</size>
         <input_file_ref idref="fl-d5"/>
      </object_component>
      <object_component id="oc-57">
         <name>.debug_info</name>
         <load_address>0x15091</load_address>
         <run_address>0x15091</run_address>
         <size>0x148</size>
         <input_file_ref idref="fl-d6"/>
      </object_component>
      <object_component id="oc-19a">
         <name>.debug_info</name>
         <load_address>0x151d9</load_address>
         <run_address>0x151d9</run_address>
         <size>0x3c6</size>
         <input_file_ref idref="fl-d7"/>
      </object_component>
      <object_component id="oc-c7">
         <name>.debug_info</name>
         <load_address>0x1559f</load_address>
         <run_address>0x1559f</run_address>
         <size>0x284</size>
         <input_file_ref idref="fl-d7"/>
      </object_component>
      <object_component id="oc-2b8">
         <name>.debug_info</name>
         <load_address>0x15823</load_address>
         <run_address>0x15823</run_address>
         <size>0xae</size>
         <input_file_ref idref="fl-d7"/>
      </object_component>
      <object_component id="oc-6e">
         <name>.debug_info</name>
         <load_address>0x158d1</load_address>
         <run_address>0x158d1</run_address>
         <size>0x109</size>
         <input_file_ref idref="fl-d8"/>
      </object_component>
      <object_component id="oc-2f6">
         <name>.debug_info</name>
         <load_address>0x159da</load_address>
         <run_address>0x159da</run_address>
         <size>0x284</size>
         <input_file_ref idref="fl-da"/>
      </object_component>
      <object_component id="oc-24e">
         <name>.debug_info</name>
         <load_address>0x15c5e</load_address>
         <run_address>0x15c5e</run_address>
         <size>0x22a</size>
         <input_file_ref idref="fl-da"/>
      </object_component>
      <object_component id="oc-158">
         <name>.debug_info</name>
         <load_address>0x15e88</load_address>
         <run_address>0x15e88</run_address>
         <size>0x2be</size>
         <input_file_ref idref="fl-db"/>
      </object_component>
      <object_component id="oc-ac">
         <name>.debug_info</name>
         <load_address>0x16146</load_address>
         <run_address>0x16146</run_address>
         <size>0x113</size>
         <input_file_ref idref="fl-db"/>
      </object_component>
      <object_component id="oc-151">
         <name>.debug_info</name>
         <load_address>0x16259</load_address>
         <run_address>0x16259</run_address>
         <size>0x21f</size>
         <input_file_ref idref="fl-db"/>
      </object_component>
      <object_component id="oc-2a2">
         <name>.debug_info</name>
         <load_address>0x16478</load_address>
         <run_address>0x16478</run_address>
         <size>0x51f</size>
         <input_file_ref idref="fl-dc"/>
      </object_component>
      <object_component id="oc-191">
         <name>.debug_info</name>
         <load_address>0x16997</load_address>
         <run_address>0x16997</run_address>
         <size>0x1543</size>
         <input_file_ref idref="fl-dc"/>
      </object_component>
      <object_component id="oc-2a3">
         <name>.debug_info</name>
         <load_address>0x17eda</load_address>
         <run_address>0x17eda</run_address>
         <size>0x86</size>
         <input_file_ref idref="fl-dc"/>
      </object_component>
      <object_component id="oc-2ad">
         <name>.debug_info</name>
         <load_address>0x17f60</load_address>
         <run_address>0x17f60</run_address>
         <size>0x2c</size>
         <input_file_ref idref="fl-dc"/>
      </object_component>
      <object_component id="oc-325">
         <name>.debug_info</name>
         <load_address>0x17f8c</load_address>
         <run_address>0x17f8c</run_address>
         <size>0x46</size>
         <input_file_ref idref="fl-dc"/>
      </object_component>
      <object_component id="oc-2a8">
         <name>.debug_info</name>
         <load_address>0x17fd2</load_address>
         <run_address>0x17fd2</run_address>
         <size>0x39</size>
         <input_file_ref idref="fl-dc"/>
      </object_component>
      <object_component id="oc-a7">
         <name>.debug_info</name>
         <load_address>0x1800b</load_address>
         <run_address>0x1800b</run_address>
         <size>0x300</size>
         <input_file_ref idref="fl-dd"/>
      </object_component>
      <object_component id="oc-62">
         <name>.debug_info</name>
         <load_address>0x1830b</load_address>
         <run_address>0x1830b</run_address>
         <size>0x167</size>
         <input_file_ref idref="fl-dd"/>
      </object_component>
      <object_component id="oc-149">
         <name>.debug_info</name>
         <load_address>0x18472</load_address>
         <run_address>0x18472</run_address>
         <size>0x5e</size>
         <input_file_ref idref="fl-dd"/>
      </object_component>
      <object_component id="oc-320">
         <name>.debug_info</name>
         <load_address>0x184d0</load_address>
         <run_address>0x184d0</run_address>
         <size>0x2ae</size>
         <input_file_ref idref="fl-de"/>
      </object_component>
      <object_component id="oc-296">
         <name>.debug_info</name>
         <load_address>0x1877e</load_address>
         <run_address>0x1877e</run_address>
         <size>0x171</size>
         <input_file_ref idref="fl-de"/>
      </object_component>
      <object_component id="oc-a5">
         <name>.debug_info</name>
         <load_address>0x188ef</load_address>
         <run_address>0x188ef</run_address>
         <size>0x483</size>
         <input_file_ref idref="fl-df"/>
      </object_component>
      <object_component id="oc-5c">
         <name>.debug_info</name>
         <load_address>0x18d72</load_address>
         <run_address>0x18d72</run_address>
         <size>0x190</size>
         <input_file_ref idref="fl-df"/>
      </object_component>
      <object_component id="oc-13d">
         <name>.debug_info</name>
         <load_address>0x18f02</load_address>
         <run_address>0x18f02</run_address>
         <size>0x39</size>
         <input_file_ref idref="fl-df"/>
      </object_component>
      <object_component id="oc-211">
         <name>.debug_info</name>
         <load_address>0x18f3b</load_address>
         <run_address>0x18f3b</run_address>
         <size>0x39</size>
         <input_file_ref idref="fl-df"/>
      </object_component>
      <object_component id="oc-142">
         <name>.debug_info</name>
         <load_address>0x18f74</load_address>
         <run_address>0x18f74</run_address>
         <size>0xcd</size>
         <input_file_ref idref="fl-df"/>
      </object_component>
      <object_component id="oc-139">
         <name>.debug_info</name>
         <load_address>0x19041</load_address>
         <run_address>0x19041</run_address>
         <size>0x37a</size>
         <input_file_ref idref="fl-e0"/>
      </object_component>
      <object_component id="oc-99">
         <name>.debug_info</name>
         <load_address>0x193bb</load_address>
         <run_address>0x193bb</run_address>
         <size>0x183</size>
         <input_file_ref idref="fl-e0"/>
      </object_component>
      <object_component id="oc-20c">
         <name>.debug_info</name>
         <load_address>0x1953e</load_address>
         <run_address>0x1953e</run_address>
         <size>0x2c</size>
         <input_file_ref idref="fl-e0"/>
      </object_component>
      <object_component id="oc-33f">
         <name>.debug_info</name>
         <load_address>0x1956a</load_address>
         <run_address>0x1956a</run_address>
         <size>0xee</size>
         <input_file_ref idref="fl-e1"/>
      </object_component>
      <object_component id="oc-31d">
         <name>.debug_info</name>
         <load_address>0x19658</load_address>
         <run_address>0x19658</run_address>
         <size>0xfa</size>
         <input_file_ref idref="fl-e1"/>
      </object_component>
      <object_component id="oc-2b4">
         <name>.debug_info</name>
         <load_address>0x19752</load_address>
         <run_address>0x19752</run_address>
         <size>0x139</size>
         <input_file_ref idref="fl-e2"/>
      </object_component>
      <object_component id="oc-197">
         <name>.debug_info</name>
         <load_address>0x1988b</load_address>
         <run_address>0x1988b</run_address>
         <size>0xf7</size>
         <input_file_ref idref="fl-e2"/>
      </object_component>
      <object_component id="oc-281">
         <name>.debug_info</name>
         <load_address>0x19982</load_address>
         <run_address>0x19982</run_address>
         <size>0x144</size>
         <input_file_ref idref="fl-e3"/>
      </object_component>
      <object_component id="oc-25c">
         <name>.debug_info</name>
         <load_address>0x19ac6</load_address>
         <run_address>0x19ac6</run_address>
         <size>0x120</size>
         <input_file_ref idref="fl-e4"/>
      </object_component>
      <object_component id="oc-26c">
         <name>.debug_info</name>
         <load_address>0x19be6</load_address>
         <run_address>0x19be6</run_address>
         <size>0x122</size>
         <input_file_ref idref="fl-e4"/>
      </object_component>
      <object_component id="oc-265">
         <name>.debug_info</name>
         <load_address>0x19d08</load_address>
         <run_address>0x19d08</run_address>
         <size>0x132</size>
         <input_file_ref idref="fl-e5"/>
      </object_component>
      <object_component id="oc-261">
         <name>.debug_info</name>
         <load_address>0x19e3a</load_address>
         <run_address>0x19e3a</run_address>
         <size>0x132</size>
         <input_file_ref idref="fl-e6"/>
      </object_component>
      <object_component id="oc-270">
         <name>.debug_info</name>
         <load_address>0x19f6c</load_address>
         <run_address>0x19f6c</run_address>
         <size>0x126</size>
         <input_file_ref idref="fl-e7"/>
      </object_component>
      <object_component id="oc-27a">
         <name>.debug_info</name>
         <load_address>0x1a092</load_address>
         <run_address>0x1a092</run_address>
         <size>0x124</size>
         <input_file_ref idref="fl-e8"/>
      </object_component>
      <object_component id="oc-305">
         <name>.debug_info</name>
         <load_address>0x1a1b6</load_address>
         <run_address>0x1a1b6</run_address>
         <size>0x2e6</size>
         <input_file_ref idref="fl-e9"/>
      </object_component>
      <object_component id="oc-277">
         <name>.debug_info</name>
         <load_address>0x1a49c</load_address>
         <run_address>0x1a49c</run_address>
         <size>0x1c2</size>
         <input_file_ref idref="fl-e9"/>
      </object_component>
      <object_component id="oc-322">
         <name>.debug_info</name>
         <load_address>0x1a65e</load_address>
         <run_address>0x1a65e</run_address>
         <size>0x28b</size>
         <input_file_ref idref="fl-ea"/>
      </object_component>
      <object_component id="oc-29c">
         <name>.debug_info</name>
         <load_address>0x1a8e9</load_address>
         <run_address>0x1a8e9</run_address>
         <size>0x1ab</size>
         <input_file_ref idref="fl-ea"/>
      </object_component>
      <object_component id="oc-309">
         <name>.debug_info</name>
         <load_address>0x1aa94</load_address>
         <run_address>0x1aa94</run_address>
         <size>0x2d9</size>
         <input_file_ref idref="fl-eb"/>
      </object_component>
      <object_component id="oc-285">
         <name>.debug_info</name>
         <load_address>0x1ad6d</load_address>
         <run_address>0x1ad6d</run_address>
         <size>0x18a</size>
         <input_file_ref idref="fl-eb"/>
      </object_component>
      <object_component id="oc-30a">
         <name>.debug_info</name>
         <load_address>0x1aef7</load_address>
         <run_address>0x1aef7</run_address>
         <size>0x2c</size>
         <input_file_ref idref="fl-eb"/>
      </object_component>
      <object_component id="oc-319">
         <name>.debug_info</name>
         <load_address>0x1af23</load_address>
         <run_address>0x1af23</run_address>
         <size>0x316</size>
         <input_file_ref idref="fl-ec"/>
      </object_component>
      <object_component id="oc-28a">
         <name>.debug_info</name>
         <load_address>0x1b239</load_address>
         <run_address>0x1b239</run_address>
         <size>0x1d5</size>
         <input_file_ref idref="fl-ec"/>
      </object_component>
      <object_component id="oc-a1">
         <name>.debug_info</name>
         <load_address>0x1b40e</load_address>
         <run_address>0x1b40e</run_address>
         <size>0x145</size>
         <input_file_ref idref="fl-ed"/>
      </object_component>
      <object_component id="oc-31b">
         <name>.debug_info</name>
         <load_address>0x1b553</load_address>
         <run_address>0x1b553</run_address>
         <size>0x28f</size>
         <input_file_ref idref="fl-ee"/>
      </object_component>
      <object_component id="oc-291">
         <name>.debug_info</name>
         <load_address>0x1b7e2</load_address>
         <run_address>0x1b7e2</run_address>
         <size>0x244</size>
         <input_file_ref idref="fl-ee"/>
      </object_component>
      <object_component id="oc-256">
         <name>.debug_info</name>
         <load_address>0x1ba26</load_address>
         <run_address>0x1ba26</run_address>
         <size>0x17d</size>
         <input_file_ref idref="fl-ef"/>
      </object_component>
      <object_component id="oc-316">
         <name>.debug_info</name>
         <load_address>0x1bba3</load_address>
         <run_address>0x1bba3</run_address>
         <size>0xf3</size>
         <input_file_ref idref="fl-f0"/>
      </object_component>
      <object_component id="oc-310">
         <name>.debug_info</name>
         <load_address>0x1bc96</load_address>
         <run_address>0x1bc96</run_address>
         <size>0x156</size>
         <input_file_ref idref="fl-f1"/>
      </object_component>
      <object_component id="oc-36b">
         <name>.debug_info</name>
         <load_address>0x1bdec</load_address>
         <run_address>0x1bdec</run_address>
         <size>0xb1</size>
      </object_component>
      <object_component id="oc-32f">
         <name>.debug_line</name>
         <load_address>0x0</load_address>
         <run_address>0x0</run_address>
         <size>0x7b</size>
         <input_file_ref idref="fl-2"/>
      </object_component>
      <object_component id="oc-1fe">
         <name>.debug_line</name>
         <load_address>0x7b</load_address>
         <run_address>0x7b</run_address>
         <size>0x55</size>
         <input_file_ref idref="fl-2"/>
      </object_component>
      <object_component id="oc-1f9">
         <name>.debug_line</name>
         <load_address>0xd0</load_address>
         <run_address>0xd0</run_address>
         <size>0x52</size>
         <input_file_ref idref="fl-2"/>
      </object_component>
      <object_component id="oc-2c4">
         <name>.debug_line</name>
         <load_address>0x122</load_address>
         <run_address>0x122</run_address>
         <size>0x6b</size>
         <input_file_ref idref="fl-2"/>
      </object_component>
      <object_component id="oc-12d">
         <name>.debug_line</name>
         <load_address>0x18d</load_address>
         <run_address>0x18d</run_address>
         <size>0x20</size>
         <input_file_ref idref="fl-2"/>
      </object_component>
      <object_component id="oc-128">
         <name>.debug_line</name>
         <load_address>0x1ad</load_address>
         <run_address>0x1ad</run_address>
         <size>0x65</size>
         <input_file_ref idref="fl-2"/>
      </object_component>
      <object_component id="oc-2e3">
         <name>.debug_line</name>
         <load_address>0x212</load_address>
         <run_address>0x212</run_address>
         <size>0x68</size>
         <input_file_ref idref="fl-2"/>
      </object_component>
      <object_component id="oc-203">
         <name>.debug_line</name>
         <load_address>0x27a</load_address>
         <run_address>0x27a</run_address>
         <size>0x69</size>
         <input_file_ref idref="fl-2"/>
      </object_component>
      <object_component id="oc-1f0">
         <name>.debug_line</name>
         <load_address>0x2e3</load_address>
         <run_address>0x2e3</run_address>
         <size>0x224</size>
         <input_file_ref idref="fl-3"/>
      </object_component>
      <object_component id="oc-1ee">
         <name>.debug_line</name>
         <load_address>0x507</load_address>
         <run_address>0x507</run_address>
         <size>0x2d</size>
         <input_file_ref idref="fl-3"/>
      </object_component>
      <object_component id="oc-1e6">
         <name>.debug_line</name>
         <load_address>0x534</load_address>
         <run_address>0x534</run_address>
         <size>0x2d</size>
         <input_file_ref idref="fl-3"/>
      </object_component>
      <object_component id="oc-1ea">
         <name>.debug_line</name>
         <load_address>0x561</load_address>
         <run_address>0x561</run_address>
         <size>0x2d</size>
         <input_file_ref idref="fl-3"/>
      </object_component>
      <object_component id="oc-1ec">
         <name>.debug_line</name>
         <load_address>0x58e</load_address>
         <run_address>0x58e</run_address>
         <size>0x2d</size>
         <input_file_ref idref="fl-3"/>
      </object_component>
      <object_component id="oc-1e4">
         <name>.debug_line</name>
         <load_address>0x5bb</load_address>
         <run_address>0x5bb</run_address>
         <size>0x2d</size>
         <input_file_ref idref="fl-3"/>
      </object_component>
      <object_component id="oc-1a4">
         <name>.debug_line</name>
         <load_address>0x5e8</load_address>
         <run_address>0x5e8</run_address>
         <size>0x2d</size>
         <input_file_ref idref="fl-3"/>
      </object_component>
      <object_component id="oc-1e8">
         <name>.debug_line</name>
         <load_address>0x615</load_address>
         <run_address>0x615</run_address>
         <size>0x2d</size>
         <input_file_ref idref="fl-3"/>
      </object_component>
      <object_component id="oc-7c">
         <name>.debug_line</name>
         <load_address>0x642</load_address>
         <run_address>0x642</run_address>
         <size>0x124</size>
         <input_file_ref idref="fl-3"/>
      </object_component>
      <object_component id="oc-123">
[...]
         <value>0x454f</value>
         <object_component_ref idref="oc-77"/>
      </symbol>
      <symbol id="sm-117">
         <name>fputs</name>
         <value>0x5947</value>
         <object_component_ref idref="oc-18a"/>
      </symbol>
      <symbol id="sm-118">
         <name>fputc</name>
         <value>0x5929</value>
         <object_component_ref idref="oc-18a"/>
      </symbol>
      <symbol id="sm-140">
         <name>spi_Read</name>
         <value>0x517f</value>
         <object_component_ref idref="oc-f9"/>
      </symbol>
      <symbol id="sm-141">
         <name>spiMasterConfig</name>
         <value>0x613c</value>
         <object_component_ref idref="oc-1ca"/>
      </symbol>
      <symbol id="sm-142">
         <name>spi_Close</name>
         <value>0x50e1</value>
         <object_component_ref idref="oc-f9"/>
      </symbol>
      <symbol id="sm-143">
         <name>spi_Write</name>
         <value>0x5125</value>
         <object_component_ref idref="oc-f9"/>
      </symbol>
      <symbol id="sm-144">
         <name>spi_Open</name>
         <value>0x50ed</value>
         <object_component_ref idref="oc-f9"/>
      </symbol>
      <symbol id="sm-164">
         <name>interruptVectors</name>
         <value>0x0</value>
         <object_component_ref idref="oc-28"/>
      </symbol>
      <symbol id="sm-1ab">
         <name>SystemInit</name>
         <value>0x4b4d</value>
         <object_component_ref idref="oc-b3"/>
      </symbol>
      <symbol id="sm-1ac">
         <name>SystemCoreClockUpdate</name>
         <value>0x48d9</value>
         <object_component_ref idref="oc-b3"/>
      </symbol>
      <symbol id="sm-1ad">
         <name>SystemCoreClock</name>
         <value>0x200006dc</value>
         <object_component_ref idref="oc-15c"/>
      </symbol>
      <symbol id="sm-260">
         <name>get_fattime</name>
         <value>0x44eb</value>
         <object_component_ref idref="oc-ba"/>
      </symbol>
      <symbol id="sm-261">
         <name>disk_status</name>
         <value>0x40f9</value>
         <object_component_ref idref="oc-ba"/>
      </symbol>
      <symbol id="sm-262">
         <name>disk_timerproc</name>
         <value>0x44a7</value>
         <object_component_ref idref="oc-ba"/>
      </symbol>
      <symbol id="sm-263">
         <name>disk_read</name>
         <value>0x4113</value>
         <object_component_ref idref="oc-ba"/>
      </symbol>
      <symbol id="sm-264">
         <name>disk_initialize</name>
         <value>0x3f55</value>
         <object_component_ref idref="oc-ba"/>
      </symbol>
      <symbol id="sm-265">
         <name>disk_ioctl</name>
         <value>0x42a5</value>
         <object_component_ref idref="oc-ba"/>
      </symbol>
      <symbol id="sm-266">
         <name>disk_write</name>
         <value>0x41bd</value>
         <object_component_ref idref="oc-ba"/>
      </symbol>
      <symbol id="sm-435">
         <name>f_getfree</name>
         <value>0x23a5</value>
         <object_component_ref idref="oc-105"/>
      </symbol>
      <symbol id="sm-436">
         <name>f_read</name>
         <value>0x19b9</value>
         <object_component_ref idref="oc-105"/>
      </symbol>
      <symbol id="sm-437">
         <name>f_unlink</name>
         <value>0x25fb</value>
         <object_component_ref idref="oc-105"/>
      </symbol>
      <symbol id="sm-438">
         <name>f_mkdir</name>
         <value>0x26fd</value>
         <object_component_ref idref="oc-105"/>
      </symbol>
      <symbol id="sm-439">
         <name>f_chmod</name>
         <value>0x28e3</value>
         <object_component_ref idref="oc-105"/>
      </symbol>
      <symbol id="sm-43a">
         <name>f_utime</name>
         <value>0x2973</value>
         <object_component_ref idref="oc-105"/>
      </symbol>
      <symbol id="sm-43b">
         <name>f_sync</name>
         <value>0x1eb1</value>
         <object_component_ref idref="oc-105"/>
      </symbol>
      <symbol id="sm-43c">
         <name>clust2sect</name>
         <value>0x3d9</value>
         <object_component_ref idref="oc-105"/>
      </symbol>
      <symbol id="sm-43d">
         <name>put_fat</name>
         <value>0x52d</value>
         <object_component_ref idref="oc-105"/>
      </symbol>
      <symbol id="sm-43e">
         <name>f_write</name>
         <value>0x1c0d</value>
         <object_component_ref idref="oc-105"/>
      </symbol>
      <symbol id="sm-43f">
         <name>f_opendir</name>
         <value>0x221b</value>
         <object_component_ref idref="oc-105"/>
      </symbol>
      <symbol id="sm-440">
         <name>f_truncate</name>
         <value>0x2507</value>
         <object_component_ref idref="oc-105"/>
      </symbol>
      <symbol id="sm-441">
         <name>f_close</name>
         <value>0x1fad</value>
         <object_component_ref idref="oc-105"/>
      </symbol>
      <symbol id="sm-442">
         <name>f_rename</name>
         <value>0x29f7</value>
         <object_component_ref idref="oc-105"/>
      </symbol>
      <symbol id="sm-443">
         <name>f_open</name>
         <value>0x17a1</value>
         <object_component_ref idref="oc-105"/>
      </symbol>
      <symbol id="sm-444">
         <name>f_lseek</name>
         <value>0x1fcd</value>
         <object_component_ref idref="oc-105"/>
      </symbol>
      <symbol id="sm-445">
         <name>f_stat</name>
         <value>0x2355</value>
         <object_component_ref idref="oc-105"/>
      </symbol>
      <symbol id="sm-446">
         <name>f_mount</name>
         <value>0x174f</value>
         <object_component_ref idref="oc-105"/>
      </symbol>
      <symbol id="sm-447">
         <name>f_readdir</name>
         <value>0x22cb</value>
         <object_component_ref idref="oc-105"/>
      </symbol>
      <symbol id="sm-448">
         <name>get_fat</name>
         <value>0x409</value>
         <object_component_ref idref="oc-105"/>
      </symbol>
      <symbol id="sm-479">
         <name>CS_initClockSignal</name>
         <value>0x53f1</value>
         <object_component_ref idref="oc-d5"/>
      </symbol>
      <symbol id="sm-4bc">
         <name>GPIO_setOutputHighOnPin</name>
         <value>0x5d89</value>
         <object_component_ref idref="oc-166"/>
      </symbol>
      <symbol id="sm-4bd">
         <name>GPIO_setAsOutputPin</name>
         <value>0x5c75</value>
         <object_component_ref idref="oc-1b8"/>
      </symbol>
      <symbol id="sm-4be">
         <name>GPIO_setOutputLowOnPin</name>
         <value>0x5d2d</value>
         <object_component_ref idref="oc-160"/>
      </symbol>
      <symbol id="sm-4bf">
         <name>GPIO_toggleOutputOnPin</name>
         <value>0x5d9d</value>
         <object_component_ref idref="oc-c0"/>
      </symbol>
      <symbol id="sm-4c0">
         <name>GPIO_setAsPeripheralModuleFunctionInputPin</name>
         <value>0x5b85</value>
         <object_component_ref idref="oc-1b2"/>
      </symbol>
      <symbol id="sm-4f0">
         <name>Interrupt_enableMaster</name>
         <value>0x5e29</value>
         <object_component_ref idref="oc-ff"/>
      </symbol>
      <symbol id="sm-4f1">
         <name>Interrupt_enableInterrupt</name>
         <value>0x58c5</value>
         <object_component_ref idref="oc-e1"/>
      </symbol>
      <symbol id="sm-55a">
         <name>EUSCI_B_SPI_receiveData</name>
         <value>0x5e8b</value>
         <object_component_ref idref="oc-237"/>
      </symbol>
      <symbol id="sm-55b">
         <name>EUSCI_B_SPI_enable</name>
         <value>0x5e5f</value>
         <object_component_ref idref="oc-2cf"/>
      </symbol>
      <symbol id="sm-55c">
         <name>SPI_enableModule</name>
         <value>0x5cf9</value>
         <object_component_ref idref="oc-1c4"/>
      </symbol>
      <symbol id="sm-55d">
         <name>EUSCI_A_SPI_receiveData</name>
         <value>0x5e85</value>
         <object_component_ref idref="oc-231"/>
      </symbol>
      <symbol id="sm-55e">
         <name>EUSCI_A_SPI_transmitData</name>
         <value>0x5e91</value>
         <object_component_ref idref="oc-229"/>
      </symbol>
      <symbol id="sm-55f">
         <name>EUSCI_B_SPI_transmitData</name>
         <value>0x5e95</value>
         <object_component_ref idref="oc-223"/>
      </symbol>
      <symbol id="sm-560">
         <name>SPI_transmitData</name>
         <value>0x5cbd</value>
         <object_component_ref idref="oc-16c"/>
      </symbol>
      <symbol id="sm-561">
         <name>EUSCI_A_SPI_enable</name>
         <value>0x5e53</value>
         <object_component_ref idref="oc-2d5"/>
      </symbol>
      <symbol id="sm-562">
         <name>SPI_receiveData</name>
         <value>0x5d13</value>
         <object_component_ref idref="oc-172"/>
      </symbol>
      <symbol id="sm-563">
         <name>SPI_initMaster</name>
         <value>0x556d</value>
         <object_component_ref idref="oc-1be"/>
      </symbol>
      <symbol id="sm-587">
         <name>SysTick_setPeriod</name>
         <value>0x5e6d</value>
         <object_component_ref idref="oc-e7"/>
      </symbol>
      <symbol id="sm-588">
         <name>SysTick_enableInterrupt</name>
         <value>0x5db1</value>
         <object_component_ref idref="oc-f3"/>
      </symbol>
      <symbol id="sm-589">
         <name>SysTick_enableModule</name>
         <value>0x5dc5</value>
         <object_component_ref idref="oc-ed"/>
      </symbol>
      <symbol id="sm-5a2">
         <name>UART_enableInterrupt</name>
         <value>0x5d5d</value>
         <object_component_ref idref="oc-db"/>
      </symbol>
      <symbol id="sm-5a3">
         <name>UART_transmitData</name>
         <value>0x5c99</value>
         <object_component_ref idref="oc-cc"/>
      </symbol>
      <symbol id="sm-5ad">
         <name>CPU_cpsie</name>
         <value>0x5e47</value>
         <object_component_ref idref="oc-1d4"/>
      </symbol>
      <symbol id="sm-5be">
         <name>_c_int00</name>
         <value>0x59f1</value>
         <object_component_ref idref="oc-22"/>
      </symbol>
      <symbol id="sm-5bf">
         <name>__stack</name>
         <value>0x2000fe00</value>
         <object_component_ref idref="oc-2b"/>
      </symbol>
      <symbol id="sm-5dd">
         <name>__TI_decompress_lzss</name>
         <value>0x585d</value>
         <object_component_ref idref="oc-10"/>
      </symbol>
      <symbol id="sm-5f4">
         <name>__TI_decompress_none</name>
         <value>0x5e39</value>
         <object_component_ref idref="oc-16"/>
      </symbol>
      <symbol id="sm-606">
         <name>__TI_zero_init</name>
         <value>0x5e79</value>
         <object_component_ref idref="oc-1c"/>
      </symbol>
      <symbol id="sm-627">
         <name>C$$EXIT</name>
         <value>0x5a45</value>
         <object_component_ref idref="oc-67"/>
      </symbol>
      <symbol id="sm-628">
         <name>abort</name>
         <value>0x5a49</value>
         <object_component_ref idref="oc-67"/>
      </symbol>
      <symbol id="sm-629">
         <name>exit</name>
         <value>0x5a51</value>
         <object_component_ref idref="oc-67"/>
      </symbol>
      <symbol id="sm-62a">
         <name>__TI_dtors_ptr</name>
         <value>0x200006b8</value>
         <object_component_ref idref="oc-a8"/>
      </symbol>
      <symbol id="sm-62b">
         <name>__TI_cleanup_ptr</name>
         <value>0x200006b4</value>
         <object_component_ref idref="oc-a8"/>
      </symbol>
      <symbol id="sm-62c">
         <name>__TI_enable_exit_profile_output</name>
         <value>0x200006bc</value>
         <object_component_ref idref="oc-a8"/>
      </symbol>
      <symbol id="sm-647">
         <name>memcpy</name>
         <value>0x54d1</value>
         <object_component_ref idref="oc-37"/>
      </symbol>
      <symbol id="sm-648">
         <name>__aeabi_memcpy</name>
         <value>0x54d1</value>
         <object_component_ref idref="oc-37"/>
      </symbol>
      <symbol id="sm-649">
         <name>__aeabi_memcpy8</name>
         <value>0x54d1</value>
         <object_component_ref idref="oc-37"/>
      </symbol>
      <symbol id="sm-64a">
         <name>__aeabi_memcpy4</name>
         <value>0x54d1</value>
         <object_component_ref idref="oc-37"/>
      </symbol>
      <symbol id="sm-659">
         <name>__aeabi_memset</name>
         <value>0x5703</value>
         <object_component_ref idref="oc-43"/>
      </symbol>
      <symbol id="sm-65a">
         <name>memset</name>
         <value>0x5709</value>
         <object_component_ref idref="oc-43"/>
      </symbol>
      <symbol id="sm-65b">
         <name>__aeabi_memset8</name>
         <value>0x5703</value>
         <object_component_ref idref="oc-43"/>
      </symbol>
      <symbol id="sm-65c">
         <name>__aeabi_memset4</name>
         <value>0x5703</value>
         <object_component_ref idref="oc-43"/>
      </symbol>
      <symbol id="sm-65d">
         <name>__aeabi_memclr8</name>
         <value>0x5701</value>
         <object_component_ref idref="oc-43"/>
      </symbol>
      <symbol id="sm-65e">
         <name>__aeabi_memclr4</name>
         <value>0x5701</value>
         <object_component_ref idref="oc-43"/>
      </symbol>
      <symbol id="sm-65f">
         <name>__aeabi_memclr</name>
         <value>0x5701</value>
         <object_component_ref idref="oc-43"/>
      </symbol>
      <symbol id="sm-669">
         <name>__mpu_init</name>
         <value>0x2b4f</value>
         <object_component_ref idref="oc-4f"/>
      </symbol>
      <symbol id="sm-673">
         <name>_system_pre_init</name>
         <value>0x5e99</value>
         <object_component_ref idref="oc-55"/>
      </symbol>
      <symbol id="sm-691">
         <name>printf</name>
         <value>0x57f5</value>
         <object_component_ref idref="oc-c6"/>
      </symbol>
      <symbol id="sm-699">
         <name>main_func_sp</name>
         <value>0x200006d8</value>
         <object_component_ref idref="oc-6d"/>
      </symbol>
      <symbol id="sm-6a8">
         <name>strlen</name>
         <value>0x5e01</value>
         <object_component_ref idref="oc-24d"/>
      </symbol>
      <symbol id="sm-6c1">
         <name>_nop</name>
         <value>0x5de7</value>
         <object_component_ref idref="oc-150"/>
      </symbol>
      <symbol id="sm-6c2">
         <name>_lock</name>
         <value>0x200006cc</value>
         <object_component_ref idref="oc-ab"/>
      </symbol>
      <symbol id="sm-6c3">
         <name>_unlock</name>
         <value>0x200006d0</value>
         <object_component_ref idref="oc-ab"/>
      </symbol>
      <symbol id="sm-6c4">
         <name>_register_lock</name>
         <value>0x5ddf</value>
         <object_component_ref idref="oc-150"/>
      </symbol>
      <symbol id="sm-6c5">
         <name>_register_unlock</name>
         <value>0x5dd9</value>
         <object_component_ref idref="oc-150"/>
      </symbol>
      <symbol id="sm-7cb">
         <name>__TI_printfi</name>
         <value>0x3395</value>
         <object_component_ref idref="oc-190"/>
      </symbol>
      <symbol id="sm-7df">
         <name>_args_main</name>
         <value>0x5d45</value>
         <object_component_ref idref="oc-61"/>
      </symbol>
      <symbol id="sm-7f5">
         <name>atoi</name>
         <value>0x5aed</value>
         <object_component_ref idref="oc-295"/>
      </symbol>
      <symbol id="sm-81f">
         <name>__TI_auto_init</name>
         <value>0x577d</value>
         <object_component_ref idref="oc-5b"/>
      </symbol>
      <symbol id="sm-839">
         <name>copy_in</name>
         <value>0x5b39</value>
         <object_component_ref idref="oc-98"/>
      </symbol>
      <symbol id="sm-844">
         <name>_ctypes_</name>
         <value>0x5fd6</value>
         <object_component_ref idref="oc-31c"/>
      </symbol>
      <symbol id="sm-850">
         <name>_ftable</name>
         <value>0x200004f4</value>
         <object_component_ref idref="oc-196"/>
      </symbol>
      <symbol id="sm-867">
         <name>__aeabi_dsub</name>
         <value>0x4df5</value>
         <object_component_ref idref="oc-27e"/>
      </symbol>
      <symbol id="sm-868">
         <name>__aeabi_dadd</name>
         <value>0x4dff</value>
         <object_component_ref idref="oc-27e"/>
      </symbol>
      <symbol id="sm-88a">
         <name>__aeabi_cdcmpeq</name>
         <value>0x55f5</value>
         <object_component_ref idref="oc-25a"/>
      </symbol>
      <symbol id="sm-88b">
         <name>__aeabi_cdcmple</name>
         <value>0x55f5</value>
         <object_component_ref idref="oc-25a"/>
      </symbol>
      <symbol id="sm-88c">
         <name>__aeabi_cdrcmple</name>
         <value>0x567b</value>
         <object_component_ref idref="oc-269"/>
      </symbol>
      <symbol id="sm-8a0">
         <name>__aeabi_ddiv</name>
         <value>0x4fab</value>
         <object_component_ref idref="oc-264"/>
      </symbol>
      <symbol id="sm-8ab">
         <name>__aeabi_dmul</name>
         <value>0x51f9</value>
         <object_component_ref idref="oc-25f"/>
      </symbol>
      <symbol id="sm-8b5">
         <name>__aeabi_d2iz</name>
         <value>0x5bcd</value>
         <object_component_ref idref="oc-26e"/>
      </symbol>
      <symbol id="sm-8bf">
         <name>__aeabi_i2d</name>
         <value>0x5c45</value>
         <object_component_ref idref="oc-279"/>
      </symbol>
      <symbol id="sm-8ce">
         <name>ltoa</name>
         <value>0x5a99</value>
         <object_component_ref idref="oc-273"/>
      </symbol>
      <symbol id="sm-8de">
         <name>memccpy</name>
         <value>0x5cdd</value>
         <object_component_ref idref="oc-29b"/>
      </symbol>
      <symbol id="sm-8f9">
         <name>frexpl</name>
         <value>0x598d</value>
         <object_component_ref idref="oc-283"/>
      </symbol>
      <symbol id="sm-8fa">
         <name>frexp</name>
         <value>0x598d</value>
         <object_component_ref idref="oc-283"/>
      </symbol>
      <symbol id="sm-917">
         <name>scalbn</name>
         <value>0x52f5</value>
         <object_component_ref idref="oc-289"/>
      </symbol>
      <symbol id="sm-918">
         <name>scalbnl</name>
         <value>0x52f5</value>
         <object_component_ref idref="oc-289"/>
      </symbol>
      <symbol id="sm-919">
         <name>ldexpl</name>
         <value>0x52f5</value>
         <object_component_ref idref="oc-289"/>
      </symbol>
      <symbol id="sm-91a">
         <name>ldexp</name>
         <value>0x52f5</value>
         <object_component_ref idref="oc-289"/>
      </symbol>
      <symbol id="sm-924">
         <name>_system_post_cinit</name>
         <value>0x3c8f</value>
         <object_component_ref idref="oc-9e"/>
      </symbol>
      <symbol id="sm-934">
         <name>strchr</name>
         <value>0x5d73</value>
         <object_component_ref idref="oc-28f"/>
      </symbol>
      <symbol id="sm-950">
         <name>__aeabi_uldivmod</name>
         <value>0x4c01</value>
         <object_component_ref idref="oc-255"/>
      </symbol>
      <symbol id="sm-958">
         <name>errno</name>
         <value>0x200006d4</value>
         <object_component_ref idref="oc-315"/>
      </symbol>
      <symbol id="sm-962">
         <name>copysign</name>
         <value>0x5ded</value>
         <object_component_ref idref="oc-30f"/>
      </symbol>
      <symbol id="sm-963">
         <name>copysignl</name>
         <value>0x5ded</value>
         <object_component_ref idref="oc-30f"/>
      </symbol>
      <symbol id="sm-964">
         <name>__TI_static_base__</name>
         <value>0x0</value>
      </symbol>
      <symbol id="sm-967">
         <name>SHT$$INIT_ARRAY$$Limit</name>
         <value>0x0</value>
      </symbol>
      <symbol id="sm-968">
         <name>SHT$$INIT_ARRAY$$Base</name>
         <value>0x0</value>
      </symbol>
   </symbol_table>
   <title>Link successful</title>
</link_info>
