******************************************************************************
                  TI ARM Linker PC v16.9.6                     
******************************************************************************
>> Linked Mon Feb 19 14:59:57 2018

OUTPUT FILE NAME:   <Prelab7_SD_Write.out>
ENTRY POINT SYMBOL: "_c_int00"  address: 000059f1


MEMORY CONFIGURATION

         name            origin    length      used     unused   attr    fill
----------------------  --------  ---------  --------  --------  ----  --------
  MAIN                  00000000   00040000  00006258  00039da8  R  X
  INFO                  00200000   00004000  00000000  00004000  R  X
  SRAM_CODE             01000000   00010000  00000000  00010000  RW X
  SRAM_DATA             20000000   00010000  000008de  0000f722  RW  


SEGMENT ALLOCATION MAP

run origin  load origin   length   init length attrs members
----------  ----------- ---------- ----------- ----- -------
00000000    00000000    00006258   00006258    r-x
  00000000    00000000    00000140   00000140    r-- .intvecs
  00000140    00000140    00005d5c   00005d5c    r-x .text
  00005e9c    00005e9c    000002bc   000002bc    r-- .const
  00006158    00006158    00000100   00000100    r-- .cinit
20000000    20000000    000006e0   00000000    rw-
  20000000    20000000    000004f2   00000000    rw- .bss
  200004f4    200004f4    000001ec   00000000    rw- .data
2000fe00    2000fe00    00000200   00000000    rw-
  2000fe00    2000fe00    00000200   00000000    rw- .stack


SECTION ALLOCATION MAP

 output                                  attributes/
section   page    origin      length       input sections
--------  ----  ----------  ----------   ----------------
.intvecs   0    00000000    00000140     
                  00000000    00000140     startup_msp432p401r_ccs.obj (.intvecs:retain)

.text      0    00000140    00005d5c     
                  00000140    00002a0e     ff.obj (.text)
                  00002b4e    00000002     rtsv7M4_T_le_v4SPD16_eabi.lib : mpu_init.obj (.text)
                  00002b50    0000113e                                   : _printfi.obj (.text)
                  00003c8e    00000002                                   : startup.obj (.text)
                  00003c90    00000870     mmc-msp432P401r.obj (.text)
                  00004500    000003d8     main.obj (.text)
                  000048d8    00000328     system_msp432p401r.obj (.text)
                  00004c00    000001f4     rtsv7M4_T_le_v4SPD16_eabi.lib : ull_div_t2.obj (.text)
                  00004df4    000001b6                                   : fd_add_t2.obj (.text)
                  00004faa    00000136                                   : fd_div_t2.obj (.text)
                  000050e0    00000118     spiDriver.obj (.text)
                  000051f8    000000fc     rtsv7M4_T_le_v4SPD16_eabi.lib : fd_mul_t2.obj (.text)
                  000052f4    000000fc                                   : s_scalbn.obj (.text)
                  000053f0    000000e0     msp432p4xx_driverlib.lib : cs.o (.text:CS_initClockSignal)
                  000054d0    0000009c     rtsv7M4_T_le_v4SPD16_eabi.lib : memcpy_t2.obj (.text)
                  0000556c    00000088     msp432p4xx_driverlib.lib : spi.o (.text:SPI_initMaster)
                  000055f4    00000086     rtsv7M4_T_le_v4SPD16_eabi.lib : fd_cmp_t2.obj (.text:__aeabi_cdcmple)
                  0000567a    00000086                                   : fd_cmp_t2.obj (.text:__aeabi_cdrcmple)
                  00005700    0000007a                                   : memset_t2.obj (.text)
                  0000577a    00000002     --HOLE-- [fill = 0]
                  0000577c    00000070                                   : autoinit.obj (.text)
                  000057ec    00000070                                   : printf.obj (.text)
                  0000585c    00000068                                   : copy_decompress_lzss.obj (.text:decompress:lzss)
                  000058c4    00000064     msp432p4xx_driverlib.lib : interrupt.o (.text:Interrupt_enableInterrupt)
                  00005928    00000064     printfOverride.obj (.text)
                  0000598c    00000064     rtsv7M4_T_le_v4SPD16_eabi.lib : s_frexp.obj (.text)
                  000059f0    00000054                                   : boot.obj (.text)
                  00005a44    00000054                                   : exit.obj (.text)
                  00005a98    00000054                                   : ltoa.obj (.text)
                  00005aec    0000004c                                   : atoi.obj (.text)
                  00005b38    0000004c                                   : cpy_tbl.obj (.text)
                  00005b84    00000048     msp432p4xx_driverlib.lib : gpio.o (.text:GPIO_setAsPeripheralModuleFunctionInputPin)
                  00005bcc    00000048     rtsv7M4_T_le_v4SPD16_eabi.lib : fd_toi_t2.obj (.text)
                  00005c14    00000030     msp432p4xx_driverlib.lib : spi.o (.text:is_A_Module)
                  00005c44    0000002e     rtsv7M4_T_le_v4SPD16_eabi.lib : i_tofd_t2.obj (.text)
                  00005c72    00000002     --HOLE-- [fill = 0]
                  00005c74    00000024     msp432p4xx_driverlib.lib : gpio.o (.text:GPIO_setAsOutputPin)
                  00005c98    00000024                              : uart.o (.text:UART_transmitData)
                  00005cbc    00000020                              : spi.o (.text:SPI_transmitData)
                  00005cdc    0000001c     rtsv7M4_T_le_v4SPD16_eabi.lib : memccpy.obj (.text)
                  00005cf8    0000001a     msp432p4xx_driverlib.lib : spi.o (.text:SPI_enableModule)
                  00005d12    0000001a                              : spi.o (.text:SPI_receiveData)
                  00005d2c    00000018                              : gpio.o (.text:GPIO_setOutputLowOnPin)
                  00005d44    00000018     rtsv7M4_T_le_v4SPD16_eabi.lib : args_main.obj (.text)
                  00005d5c    00000016     msp432p4xx_driverlib.lib : uart.o (.text:UART_enableInterrupt)
                  00005d72    00000016     rtsv7M4_T_le_v4SPD16_eabi.lib : strchr.obj (.text)
                  00005d88    00000014     msp432p4xx_driverlib.lib : gpio.o (.text:GPIO_setOutputHighOnPin)
                  00005d9c    00000014                              : gpio.o (.text:GPIO_toggleOutputOnPin)
                  00005db0    00000014                              : systick.o (.text:SysTick_enableInterrupt)
                  00005dc4    00000014                              : systick.o (.text:SysTick_enableModule)
                  00005dd8    00000014     rtsv7M4_T_le_v4SPD16_eabi.lib : _lock.obj (.text)
                  00005dec    00000014                                   : s_copysign.obj (.text)
                  00005e00    00000014                                   : strlen.obj (.text)
                  00005e14    00000014     startup_msp432p401r_ccs.obj (.text)
                  00005e28    00000010     msp432p4xx_driverlib.lib : interrupt.o (.text:Interrupt_enableMaster)
                  00005e38    0000000e     rtsv7M4_T_le_v4SPD16_eabi.lib : copy_decompress_none.obj (.text:decompress:none)
                  00005e46    0000000c     msp432p4xx_driverlib.lib : cpu.o (.text:CPU_cpsie)
                  00005e52    0000000c                              : spi.o (.text:EUSCI_A_SPI_enable)
                  00005e5e    0000000c                              : spi.o (.text:EUSCI_B_SPI_enable)
                  00005e6a    00000002     --HOLE-- [fill = 0]
                  00005e6c    0000000c                              : systick.o (.text:SysTick_setPeriod)
                  00005e78    0000000c     rtsv7M4_T_le_v4SPD16_eabi.lib : copy_zero_init.obj (.text:decompress:ZI)
                  00005e84    00000006     msp432p4xx_driverlib.lib : spi.o (.text:EUSCI_A_SPI_receiveData)
                  00005e8a    00000006                              : spi.o (.text:EUSCI_B_SPI_receiveData)
                  00005e90    00000004                              : spi.o (.text:EUSCI_A_SPI_transmitData)
                  00005e94    00000004                              : spi.o (.text:EUSCI_B_SPI_transmitData)
                  00005e98    00000004     rtsv7M4_T_le_v4SPD16_eabi.lib : pre_init.obj (.text)

.const     0    00005e9c    000002bc     
                  00005e9c    0000013a     main.obj (.const:.string)
                  00005fd6    00000101     rtsv7M4_T_le_v4SPD16_eabi.lib : ctype.obj (.const:.string:_ctypes_)
                  000060d7    00000001     --HOLE-- [fill = 0]
                  000060d8    00000040     msp432p4xx_driverlib.lib : interrupt.o (.const)
                  00006118    00000024     main.obj (.const:uartConfig)
                  0000613c    0000001c     spiDriver.obj (.const:spiMasterConfig)

.cinit     0    00006158    00000100     
                  00006158    000000d5     (.cinit..data.load) [load image, compression = lzss]
                  0000622d    00000003     --HOLE-- [fill = 0]
                  00006230    0000000c     (__TI_handler_table)
                  0000623c    00000004     --HOLE-- [fill = 0]
                  00006240    00000008     (.cinit..bss.load) [load image, compression = zero_init]
                  00006248    00000010     (__TI_cinit_table)

.init_array 
*          0    00000000    00000000     UNINITIALIZED

.bss       0    20000000    000004f2     UNINITIALIZED
                  20000000    00000234     main.obj (.bss:g_sFatFs)
                  20000234    00000224     main.obj (.bss:g_sFileObject)
                  20000458    00000050     main.obj (.bss:g_pcTmpBuf)
                  200004a8    00000040     main.obj (.bss:g_pcCmdBuf)
                  200004e8    00000004     ff.obj (.bss:FatFs)
                  200004ec    00000003     mmc-msp432P401r.obj (.bss)
                  200004ef    00000001     --HOLE--
                  200004f0    00000002     ff.obj (.bss)

.data      0    200004f4    000001ec     UNINITIALIZED
                  200004f4    000000f0     rtsv7M4_T_le_v4SPD16_eabi.lib : defs.obj (.data:_ftable)
                  200005e4    000000a0     main.obj (.data:g_psFResultStrings)
                  20000684    00000030     msp432p4xx_driverlib.lib : gpio.o (.data:GPIO_PORT_TO_BASE)
                  200006b4    0000000c     rtsv7M4_T_le_v4SPD16_eabi.lib : exit.obj (.data:$O1$$)
                  200006c0    00000009     main.obj (.data)
                  200006c9    00000002     mmc-msp432P401r.obj (.data)
                  200006cb    00000001     --HOLE--
                  200006cc    00000008     rtsv7M4_T_le_v4SPD16_eabi.lib : _lock.obj (.data:$O1$$)
                  200006d4    00000004                                   : errno.obj (.data)
                  200006d8    00000004                                   : stkdepth_vars.obj (.data)
                  200006dc    00000004     system_msp432p401r.obj (.data)

.stack     0    2000fe00    00000200     UNINITIALIZED
                  2000fe00    00000200     --HOLE--

MODULE SUMMARY

       Module                        code    ro data   rw data
       ------                        ----    -------   -------
    .\
       main.obj                      984     350       1425   
       system_msp432p401r.obj        808     0         4      
       startup_msp432p401r_ccs.obj   20      320       0      
       spiDriver.obj                 280     28        0      
       printfOverride.obj            100     0         0      
    +--+-----------------------------+-------+---------+---------+
       Total:                        2192    698       1429   
                                                              
    .\fatfs\port\
       mmc-msp432P401r.obj           2160    0         5      
    +--+-----------------------------+-------+---------+---------+
       Total:                        2160    0         5      
                                                              
    .\fatfs\src\
       ff.obj                        10766   0         6      
    +--+-----------------------------+-------+---------+---------+
       Total:                        10766   0         6      
                                                              
    C:/ti/msp/MSP432Ware_3_50_00_02/driverlib/driverlib/MSP432P4xx/ccs/msp432p4xx_driverlib.lib
       spi.o                         312     0         0      
       cs.o                          224     0         0      
       gpio.o                        172     0         48     
       interrupt.o                   116     64        0      
       uart.o                        58      0         0      
       systick.o                     52      0         0      
       cpu.o                         12      0         0      
    +--+-----------------------------+-------+---------+---------+
       Total:                        946     64        48     
                                                              
    C:\ti\ccsv7\tools\compiler\ti-cgt-arm_16.9.6.LTS\lib\rtsv7M4_T_le_v4SPD16_eabi.lib
       _printfi.obj                  4414    0         0      
       ull_div_t2.obj                500     0         0      
       fd_add_t2.obj                 438     0         0      
       fd_div_t2.obj                 310     0         0      
       fd_cmp_t2.obj                 268     0         0      
       ctype.obj                     0       257       0      
       fd_mul_t2.obj                 252     0         0      
       s_scalbn.obj                  252     0         0      
       defs.obj                      0       0         240    
       memcpy_t2.obj                 156     0         0      
       memset_t2.obj                 122     0         0      
       autoinit.obj                  112     0         0      
       printf.obj                    112     0         0      
       copy_decompress_lzss.obj      104     0         0      
       s_frexp.obj                   100     0         0      
       exit.obj                      84      0         12     
       boot.obj                      84      0         0      
       ltoa.obj                      84      0         0      
       atoi.obj                      76      0         0      
       cpy_tbl.obj                   76      0         0      
       fd_toi_t2.obj                 72      0         0      
       i_tofd_t2.obj                 46      0         0      
       _lock.obj                     20      0         8      
       memccpy.obj                   28      0         0      
       args_main.obj                 24      0         0      
       strchr.obj                    22      0         0      
       s_copysign.obj                20      0         0      
       strlen.obj                    20      0         0      
       copy_decompress_none.obj      14      0         0      
       copy_zero_init.obj            12      0         0      
       errno.obj                     0       0         4      
       pre_init.obj                  4       0         0      
       stkdepth_vars.obj             0       0         4      
       mpu_init.obj                  2       0         0      
       startup.obj                   2       0         0      
    +--+-----------------------------+-------+---------+---------+
       Total:                        7830    257       268    
                                                              
       Stack:                        0       0         512    
       Linker Generated:             0       249       0      
    +--+-----------------------------+-------+---------+---------+
       Grand Total:                  23894   1268      2268   


LINKER GENERATED COPY TABLES

__TI_cinit_table @ 00006248 records: 2, size/record: 8, table size: 16
	.data: load addr=00006158, load size=000000d5 bytes, run addr=200004f4, run size=000001ec bytes, compression=lzss
	.bss: load addr=00006240, load size=00000008 bytes, run addr=20000000, run size=000004f2 bytes, compression=zero_init


LINKER GENERATED HANDLER TABLE

__TI_handler_table @ 00006230 records: 3, size/record: 4, table size: 12
	index: 0, handler: __TI_decompress_lzss
	index: 1, handler: __TI_decompress_none
	index: 2, handler: __TI_zero_init


GLOBAL SYMBOLS: SORTED ALPHABETICALLY BY Name 

address   name                                      
-------   ----                                      
00005a45  C$$EXIT                                   
00005e47  CPU_cpsie                                 
000053f1  CS_initClockSignal                        
00005e53  EUSCI_A_SPI_enable                        
00005e85  EUSCI_A_SPI_receiveData                   
00005e91  EUSCI_A_SPI_transmitData                  
00005e5f  EUSCI_B_SPI_enable                        
00005e8b  EUSCI_B_SPI_receiveData                   
00005e95  EUSCI_B_SPI_transmitData                  
0000454f  EusciA0_ISR                               
00005c75  GPIO_setAsOutputPin                       
00005b85  GPIO_setAsPeripheralModuleFunctionInputPin
00005d89  GPIO_setOutputHighOnPin                   
00005d2d  GPIO_setOutputLowOnPin                    
00005d9d  GPIO_toggleOutputOnPin                    
000058c5  Interrupt_enableInterrupt                 
00005e29  Interrupt_enableMaster                    
UNDEFED   SHT$$INIT_ARRAY$$Base                     
UNDEFED   SHT$$INIT_ARRAY$$Limit                    
00005cf9  SPI_enableModule                          
0000556d  SPI_initMaster                            
00005d13  SPI_receiveData                           
00005cbd  SPI_transmitData                          
00004501  StringFromFResult                         
0000453f  SysTick_ISR                               
00005db1  SysTick_enableInterrupt                   
00005dc5  SysTick_enableModule                      
00005e6d  SysTick_setPeriod                         
200006dc  SystemCoreClock                           
000048d9  SystemCoreClockUpdate                     
00004b4d  SystemInit                                
00005d5d  UART_enableInterrupt                      
00005c99  UART_transmitData                         
4000480c  WDTCTL_SYM                                
20010000  __STACK_END                               
00000200  __STACK_SIZE                              
00006248  __TI_CINIT_Base                           
00006258  __TI_CINIT_Limit                          
00006230  __TI_Handler_Table_Base                   
0000623c  __TI_Handler_Table_Limit                  
0000577d  __TI_auto_init                            
200006b4  __TI_cleanup_ptr                          
0000585d  __TI_decompress_lzss                      
00005e39  __TI_decompress_none                      
200006b8  __TI_dtors_ptr                            
200006bc  __TI_enable_exit_profile_output           
ffffffff  __TI_pprof_out_hndl                       
00003395  __TI_printfi                              
ffffffff  __TI_prof_data_size                       
ffffffff  __TI_prof_data_start                      
00000000  __TI_static_base__                        
00005e79  __TI_zero_init                            
000055f5  __aeabi_cdcmpeq                           
000055f5  __aeabi_cdcmple                           
0000567b  __aeabi_cdrcmple                          
00005bcd  __aeabi_d2iz                              
00004dff  __aeabi_dadd                              
00004fab  __aeabi_ddiv                              
000051f9  __aeabi_dmul                              
00004df5  __aeabi_dsub                              
00005c45  __aeabi_i2d                               
00005701  __aeabi_memclr                            
00005701  __aeabi_memclr4                           
00005701  __aeabi_memclr8                           
000054d1  __aeabi_memcpy                            
000054d1  __aeabi_memcpy4                           
000054d1  __aeabi_memcpy8                           
00005703  __aeabi_memset                            
00005703  __aeabi_memset4                           
00005703  __aeabi_memset8                           
00004c01  __aeabi_uldivmod                          
ffffffff  __binit__                                 
ffffffff  __c_args__                                
00002b4f  __mpu_init                                
2000fe00  __stack                                   
00005d45  _args_main                                
000059f1  _c_int00                                  
00005fd6  _ctypes_                                  
200004f4  _ftable                                   
200006cc  _lock                                     
00005de7  _nop                                      
00005ddf  _register_lock                            
00005dd9  _register_unlock                          
00003c8f  _system_post_cinit                        
00005e99  _system_pre_init                          
200006d0  _unlock                                   
00005a49  abort                                     
00005aed  atoi                                      
ffffffff  binit                                     
000003d9  clust2sect                                
00005b39  copy_in                                   
00005ded  copysign                                  
00005ded  copysignl                                 
00003f55  disk_initialize                           
000042a5  disk_ioctl                                
00004113  disk_read                                 
000040f9  disk_status                               
000044a7  disk_timerproc                            
000041bd  disk_write                                
200006d4  errno                                     
00005a51  exit                                      
000028e3  f_chmod                                   
00001fad  f_close                                   
000023a5  f_getfree                                 
00001fcd  f_lseek                                   
000026fd  f_mkdir                                   
0000174f  f_mount                                   
000017a1  f_open                                    
0000221b  f_opendir                                 
000019b9  f_read                                    
000022cb  f_readdir                                 
000029f7  f_rename                                  
00002355  f_stat                                    
00001eb1  f_sync                                    
00002507  f_truncate                                
000025fb  f_unlink                                  
00002973  f_utime                                   
00001c0d  f_write                                   
00005929  fputc                                     
00005947  fputs                                     
0000598d  frexp                                     
0000598d  frexpl                                    
200005e4  g_psFResultStrings                        
00000409  get_fat                                   
000044eb  get_fattime                               
200006c0  gucCommandReady                           
00000000  interruptVectors                          
000052f5  ldexp                                     
000052f5  ldexpl                                    
00005a99  ltoa                                      
000045d1  main                                      
200006d8  main_func_sp                              
00005cdd  memccpy                                   
000054d1  memcpy                                    
00005709  memset                                    
000057f5  printf                                    
0000052d  put_fat                                   
000052f5  scalbn                                    
000052f5  scalbnl                                   
0000613c  spiMasterConfig                           
000050e1  spi_Close                                 
000050ed  spi_Open                                  
0000517f  spi_Read                                  
00005125  spi_Write                                 
00005d73  strchr                                    
00005e01  strlen                                    
00006118  uartConfig                                


GLOBAL SYMBOLS: SORTED BY Symbol Address 

address   name                                      
-------   ----                                      
00000000  __TI_static_base__                        
00000000  interruptVectors                          
00000200  __STACK_SIZE                              
000003d9  clust2sect                                
00000409  get_fat                                   
0000052d  put_fat                                   
0000174f  f_mount                                   
000017a1  f_open                                    
000019b9  f_read                                    
00001c0d  f_write                                   
00001eb1  f_sync                                    
00001fad  f_close                                   
00001fcd  f_lseek                                   
0000221b  f_opendir                                 
000022cb  f_readdir                                 
00002355  f_stat                                    
000023a5  f_getfree                                 
00002507  f_truncate                                
000025fb  f_unlink                                  
000026fd  f_mkdir                                   
000028e3  f_chmod                                   
00002973  f_utime                                   
000029f7  f_rename                                  
00002b4f  __mpu_init                                
00003395  __TI_printfi                              
00003c8f  _system_post_cinit                        
00003f55  disk_initialize                           
000040f9  disk_status                               
00004113  disk_read                                 
000041bd  disk_write                                
000042a5  disk_ioctl                                
000044a7  disk_timerproc                            
000044eb  get_fattime                               
00004501  StringFromFResult                         
0000453f  SysTick_ISR                               
0000454f  EusciA0_ISR                               
000045d1  main                                      
000048d9  SystemCoreClockUpdate                     
00004b4d  SystemInit                                
00004c01  __aeabi_uldivmod                          
00004df5  __aeabi_dsub                              
00004dff  __aeabi_dadd                              
00004fab  __aeabi_ddiv                              
000050e1  spi_Close                                 
000050ed  spi_Open                                  
00005125  spi_Write                                 
0000517f  spi_Read                                  
000051f9  __aeabi_dmul                              
000052f5  ldexp                                     
000052f5  ldexpl                                    
000052f5  scalbn                                    
000052f5  scalbnl                                   
000053f1  CS_initClockSignal                        
000054d1  __aeabi_memcpy                            
000054d1  __aeabi_memcpy4                           
000054d1  __aeabi_memcpy8                           
000054d1  memcpy                                    
0000556d  SPI_initMaster                            
000055f5  __aeabi_cdcmpeq                           
000055f5  __aeabi_cdcmple                           
0000567b  __aeabi_cdrcmple                          
00005701  __aeabi_memclr                            
00005701  __aeabi_memclr4                           
00005701  __aeabi_memclr8                           
00005703  __aeabi_memset                            
00005703  __aeabi_memset4                           
00005703  __aeabi_memset8                           
00005709  memset                                    
0000577d  __TI_auto_init                            
000057f5  printf                                    
0000585d  __TI_decompress_lzss                      
000058c5  Interrupt_enableInterrupt                 
00005929  fputc                                     
00005947  fputs                                     
0000598d  frexp                                     
0000598d  frexpl                                    
000059f1  _c_int00                                  
00005a45  C$$EXIT                                   
00005a49  abort                                     
00005a51  exit                                      
00005a99  ltoa                                      
00005aed  atoi                                      
00005b39  copy_in                                   
00005b85  GPIO_setAsPeripheralModuleFunctionInputPin
00005bcd  __aeabi_d2iz                              
00005c45  __aeabi_i2d                               
00005c75  GPIO_setAsOutputPin                       
00005c99  UART_transmitData                         
00005cbd  SPI_transmitData                          
00005cdd  memccpy                                   
00005cf9  SPI_enableModule                          
00005d13  SPI_receiveData                           
00005d2d  GPIO_setOutputLowOnPin                    
00005d45  _args_main                                
00005d5d  UART_enableInterrupt                      
00005d73  strchr                                    
00005d89  GPIO_setOutputHighOnPin                   
00005d9d  GPIO_toggleOutputOnPin                    
00005db1  SysTick_enableInterrupt                   
00005dc5  SysTick_enableModule                      
00005dd9  _register_unlock                          
00005ddf  _register_lock                            
00005de7  _nop                                      
00005ded  copysign                                  
00005ded  copysignl                                 
00005e01  strlen                                    
00005e29  Interrupt_enableMaster                    
00005e39  __TI_decompress_none                      
00005e47  CPU_cpsie                                 
00005e53  EUSCI_A_SPI_enable                        
00005e5f  EUSCI_B_SPI_enable                        
00005e6d  SysTick_setPeriod                         
00005e79  __TI_zero_init                            
00005e85  EUSCI_A_SPI_receiveData                   
00005e8b  EUSCI_B_SPI_receiveData                   
00005e91  EUSCI_A_SPI_transmitData                  
00005e95  EUSCI_B_SPI_transmitData                  
00005e99  _system_pre_init                          
00005fd6  _ctypes_                                  
00006118  uartConfig                                
0000613c  spiMasterConfig                           
00006230  __TI_Handler_Table_Base                   
0000623c  __TI_Handler_Table_Limit                  
00006248  __TI_CINIT_Base                           
00006258  __TI_CINIT_Limit                          
200004f4  _ftable                                   
200005e4  g_psFResultStrings                        
200006b4  __TI_cleanup_ptr                          
200006b8  __TI_dtors_ptr                            
200006bc  __TI_enable_exit_profile_output           
200006c0  gucCommandReady                           
200006cc  _lock                                     
200006d0  _unlock                                   
200006d4  errno                                     
200006d8  main_func_sp                              
200006dc  SystemCoreClock                           
2000fe00  __stack                                   
20010000  __STACK_END                               
4000480c  WDTCTL_SYM                                
ffffffff  __TI_pprof_out_hndl                       
ffffffff  __TI_prof_data_size                       
ffffffff  __TI_prof_data_start                      
ffffffff  __binit__                                 
ffffffff  __c_args__                                
ffffffff  binit                                     
UNDEFED   SHT$$INIT_ARRAY$$Base                     
UNDEFED   SHT$$INIT_ARRAY$$Limit                    

[147 symbols]
