******************************************************************************
                  TI ARM Linker PC v16.9.6                     
******************************************************************************
>> Linked Mon Feb 19 16:51:26 2018

OUTPUT FILE NAME:   <Prelab7_SD_Write.out>
ENTRY POINT SYMBOL: "_c_int00"  address: 000059d9


MEMORY CONFIGURATION

         name            origin    length      used     unused   attr    fill
----------------------  --------  ---------  --------  --------  ----  --------
  MAIN                  00000000   00040000  00006240  00039dc0  R  X
  INFO                  00200000   00004000  00000000  00004000  R  X
  SRAM_CODE             01000000   00010000  00000000  00010000  RW X
  SRAM_DATA             20000000   00010000  000008de  0000f722  RW  


SEGMENT ALLOCATION MAP

run origin  load origin   length   init length attrs members
----------  ----------- ---------- ----------- ----- -------
00000000    00000000    00006240   00006240    r-x
  00000000    00000000    00000140   00000140    r-- .intvecs
  00000140    00000140    00005d44   00005d44    r-x .text
  00005e84    00005e84    000002bc   000002bc    r-- .const
  00006140    00006140    00000100   00000100    r-- .cinit
20000000    20000000    000006e0   00000000    rw-
  20000000    20000000    000004f2   00000000    rw- .bss
  200004f4    200004f4    000001ec   00000000    rw- .data
2000fe00    2000fe00    00000200   00000000    rw-
  2000fe00    2000fe00    00000200   00000000    rw- .stack


SECTION ALLOCATION MAP

 output                                  attributes/
section   page    origin      length       input sections
--------  ----  ----------  ----------   ----------------
.intvecs   0    00000000    00000140     
                  00000000    00000140     startup_msp432p401r_ccs.obj (.intvecs:retain)

.text      0    00000140    00005d44     
                  00000140    00002a0e     ff.obj (.text)
                  00002b4e    00000002     rtsv7M4_T_le_v4SPD16_eabi.lib : mpu_init.obj (.text)
                  00002b50    0000113e                                   : _printfi.obj (.text)
                  00003c8e    00000002                                   : startup.obj (.text)
                  00003c90    00000870     mmc-msp432P401r.obj (.text)
                  00004500    000003c0     main.obj (.text)
                  000048c0    00000328     system_msp432p401r.obj (.text)
                  00004be8    000001f4     rtsv7M4_T_le_v4SPD16_eabi.lib : ull_div_t2.obj (.text)
                  00004ddc    000001b6                                   : fd_add_t2.obj (.text)
                  00004f92    00000136                                   : fd_div_t2.obj (.text)
                  000050c8    00000118     spiDriver.obj (.text)
                  000051e0    000000fc     rtsv7M4_T_le_v4SPD16_eabi.lib : fd_mul_t2.obj (.text)
                  000052dc    000000fc                                   : s_scalbn.obj (.text)
                  000053d8    000000e0     msp432p4xx_driverlib.lib : cs.o (.text:CS_initClockSignal)
                  000054b8    0000009c     rtsv7M4_T_le_v4SPD16_eabi.lib : memcpy_t2.obj (.text)
                  00005554    00000088     msp432p4xx_driverlib.lib : spi.o (.text:SPI_initMaster)
                  000055dc    00000086     rtsv7M4_T_le_v4SPD16_eabi.lib : fd_cmp_t2.obj (.text:__aeabi_cdcmple)
                  00005662    00000086                                   : fd_cmp_t2.obj (.text:__aeabi_cdrcmple)
                  000056e8    0000007a                                   : memset_t2.obj (.text)
                  00005762    00000002     --HOLE-- [fill = 0]
                  00005764    00000070                                   : autoinit.obj (.text)
                  000057d4    00000070                                   : printf.obj (.text)
                  00005844    00000068                                   : copy_decompress_lzss.obj (.text:decompress:lzss)
                  000058ac    00000064     msp432p4xx_driverlib.lib : interrupt.o (.text:Interrupt_enableInterrupt)
                  00005910    00000064     printfOverride.obj (.text)
                  00005974    00000064     rtsv7M4_T_le_v4SPD16_eabi.lib : s_frexp.obj (.text)
                  000059d8    00000054                                   : boot.obj (.text)
                  00005a2c    00000054                                   : exit.obj (.text)
                  00005a80    00000054                                   : ltoa.obj (.text)
                  00005ad4    0000004c                                   : atoi.obj (.text)
                  00005b20    0000004c                                   : cpy_tbl.obj (.text)
                  00005b6c    00000048     msp432p4xx_driverlib.lib : gpio.o (.text:GPIO_setAsPeripheralModuleFunctionInputPin)
                  00005bb4    00000048     rtsv7M4_T_le_v4SPD16_eabi.lib : fd_toi_t2.obj (.text)
                  00005bfc    00000030     msp432p4xx_driverlib.lib : spi.o (.text:is_A_Module)
                  00005c2c    0000002e     rtsv7M4_T_le_v4SPD16_eabi.lib : i_tofd_t2.obj (.text)
                  00005c5a    00000002     --HOLE-- [fill = 0]
                  00005c5c    00000024     msp432p4xx_driverlib.lib : gpio.o (.text:GPIO_setAsOutputPin)
                  00005c80    00000024                              : uart.o (.text:UART_transmitData)
                  00005ca4    00000020                              : spi.o (.text:SPI_transmitData)
                  00005cc4    0000001c     rtsv7M4_T_le_v4SPD16_eabi.lib : memccpy.obj (.text)
                  00005ce0    0000001a     msp432p4xx_driverlib.lib : spi.o (.text:SPI_enableModule)
                  00005cfa    0000001a                              : spi.o (.text:SPI_receiveData)
                  00005d14    00000018                              : gpio.o (.text:GPIO_setOutputLowOnPin)
                  00005d2c    00000018     rtsv7M4_T_le_v4SPD16_eabi.lib : args_main.obj (.text)
                  00005d44    00000016     msp432p4xx_driverlib.lib : uart.o (.text:UART_enableInterrupt)
                  00005d5a    00000016     rtsv7M4_T_le_v4SPD16_eabi.lib : strchr.obj (.text)
                  00005d70    00000014     msp432p4xx_driverlib.lib : gpio.o (.text:GPIO_setOutputHighOnPin)
                  00005d84    00000014                              : gpio.o (.text:GPIO_toggleOutputOnPin)
                  00005d98    00000014                              : systick.o (.text:SysTick_enableInterrupt)
                  00005dac    00000014                              : systick.o (.text:SysTick_enableModule)
                  00005dc0    00000014     rtsv7M4_T_le_v4SPD16_eabi.lib : _lock.obj (.text)
                  00005dd4    00000014                                   : s_copysign.obj (.text)
                  00005de8    00000014                                   : strlen.obj (.text)
                  00005dfc    00000014     startup_msp432p401r_ccs.obj (.text)
                  00005e10    00000010     msp432p4xx_driverlib.lib : interrupt.o (.text:Interrupt_enableMaster)
                  00005e20    0000000e     rtsv7M4_T_le_v4SPD16_eabi.lib : copy_decompress_none.obj (.text:decompress:none)
                  00005e2e    0000000c     msp432p4xx_driverlib.lib : cpu.o (.text:CPU_cpsie)
                  00005e3a    0000000c                              : spi.o (.text:EUSCI_A_SPI_enable)
                  00005e46    0000000c                              : spi.o (.text:EUSCI_B_SPI_enable)
                  00005e52    00000002     --HOLE-- [fill = 0]
                  00005e54    0000000c                              : systick.o (.text:SysTick_setPeriod)
                  00005e60    0000000c     rtsv7M4_T_le_v4SPD16_eabi.lib : copy_zero_init.obj (.text:decompress:ZI)
                  00005e6c    00000006     msp432p4xx_driverlib.lib : spi.o (.text:EUSCI_A_SPI_receiveData)
                  00005e72    00000006                              : spi.o (.text:EUSCI_B_SPI_receiveData)
                  00005e78    00000004                              : spi.o (.text:EUSCI_A_SPI_transmitData)
                  00005e7c    00000004                              : spi.o (.text:EUSCI_B_SPI_transmitData)
                  00005e80    00000004     rtsv7M4_T_le_v4SPD16_eabi.lib : pre_init.obj (.text)

.const     0    00005e84    000002bc     
                  00005e84    0000013a     main.obj (.const:.string)
                  00005fbe    00000101     rtsv7M4_T_le_v4SPD16_eabi.lib : ctype.obj (.const:.string:_ctypes_)
                  000060bf    00000001     --HOLE-- [fill = 0]
                  000060c0    00000040     msp432p4xx_driverlib.lib : interrupt.o (.const)
                  00006100    00000024     main.obj (.const:uartConfig)
                  00006124    0000001c     spiDriver.obj (.const:spiMasterConfig)

.cinit     0    00006140    00000100     
                  00006140    000000d6     (.cinit..data.load) [load image, compression = lzss]
                  00006216    00000002     --HOLE-- [fill = 0]
                  00006218    0000000c     (__TI_handler_table)
                  00006224    00000004     --HOLE-- [fill = 0]
                  00006228    00000008     (.cinit..bss.load) [load image, compression = zero_init]
                  00006230    00000010     (__TI_cinit_table)

.init_array 
*          0    00000000    00000000     UNINITIALIZED

.bss       0    20000000    000004f2     UNINITIALIZED
                  20000000    00000234     main.obj (.bss:g_sFatFs)
                  20000234    00000224     main.obj (.bss:g_sFileObject)
                  20000458    00000050     main.obj (.bss:g_pcTmpBuf)
                  200004a8    00000040     main.obj (.bss:g_pcCmdBuf)
                  200004e8    00000004     ff.obj (.bss:FatFs)
                  200004ec    00000003     mmc-msp432P401r.obj (.bss)
                  200004ef    00000001     --HOLE--
                  200004f0    00000002     ff.obj (.bss)

.data      0    200004f4    000001ec     UNINITIALIZED
                  200004f4    000000f0     rtsv7M4_T_le_v4SPD16_eabi.lib : defs.obj (.data:_ftable)
                  200005e4    000000a0     main.obj (.data:g_psFResultStrings)
                  20000684    00000030     msp432p4xx_driverlib.lib : gpio.o (.data:GPIO_PORT_TO_BASE)
                  200006b4    0000000c     rtsv7M4_T_le_v4SPD16_eabi.lib : exit.obj (.data:$O1$$)
                  200006c0    00000009     main.obj (.data)
                  200006c9    00000002     mmc-msp432P401r.obj (.data)
                  200006cb    00000001     --HOLE--
                  200006cc    00000008     rtsv7M4_T_le_v4SPD16_eabi.lib : _lock.obj (.data:$O1$$)
                  200006d4    00000004                                   : errno.obj (.data)
                  200006d8    00000004                                   : stkdepth_vars.obj (.data)
                  200006dc    00000004     system_msp432p401r.obj (.data)

.stack     0    2000fe00    00000200     UNINITIALIZED
                  2000fe00    00000200     --HOLE--

MODULE SUMMARY

       Module                        code    ro data   rw data
       ------                        ----    -------   -------
    .\
       main.obj                      960     350       1425   
       system_msp432p401r.obj        808     0         4      
       startup_msp432p401r_ccs.obj   20      320       0      
       spiDriver.obj                 280     28        0      
       printfOverride.obj            100     0         0      
    +--+-----------------------------+-------+---------+---------+
       Total:                        2168    698       1429   
                                                              
    .\fatfs\port\
       mmc-msp432P401r.obj           2160    0         5      
    +--+-----------------------------+-------+---------+---------+
       Total:                        2160    0         5      
                                                              
    .\fatfs\src\
       ff.obj                        10766   0         6      
    +--+-----------------------------+-------+---------+---------+
       Total:                        10766   0         6      
                                                              
    C:/ti/msp/MSP432Ware_3_50_00_02/driverlib/driverlib/MSP432P4xx/ccs/msp432p4xx_driverlib.lib
       spi.o                         312     0         0      
       cs.o                          224     0         0      
       gpio.o                        172     0         48     
       interrupt.o                   116     64        0      
       uart.o                        58      0         0      
       systick.o                     52      0         0      
       cpu.o                         12      0         0      
    +--+-----------------------------+-------+---------+---------+
       Total:                        946     64        48     
                                                              
    C:\ti\ccsv7\tools\compiler\ti-cgt-arm_16.9.6.LTS\lib\rtsv7M4_T_le_v4SPD16_eabi.lib
       _printfi.obj                  4414    0         0      
       ull_div_t2.obj                500     0         0      
       fd_add_t2.obj                 438     0         0      
       fd_div_t2.obj                 310     0         0      
       fd_cmp_t2.obj                 268     0         0      
       ctype.obj                     0       257       0      
       fd_mul_t2.obj                 252     0         0      
       s_scalbn.obj                  252     0         0      
       defs.obj                      0       0         240    
       memcpy_t2.obj                 156     0         0      
       memset_t2.obj                 122     0         0      
       autoinit.obj                  112     0         0      
       printf.obj                    112     0         0      
       copy_decompress_lzss.obj      104     0         0      
       s_frexp.obj                   100     0         0      
       exit.obj                      84      0         12     
       boot.obj                      84      0         0      
       ltoa.obj                      84      0         0      
       atoi.obj                      76      0         0      
       cpy_tbl.obj                   76      0         0      
       fd_toi_t2.obj                 72      0         0      
       i_tofd_t2.obj                 46      0         0      
       _lock.obj                     20      0         8      
       memccpy.obj                   28      0         0      
       args_main.obj                 24      0         0      
       strchr.obj                    22      0         0      
       s_copysign.obj                20      0         0      
       strlen.obj                    20      0         0      
       copy_decompress_none.obj      14      0         0      
       copy_zero_init.obj            12      0         0      
       errno.obj                     0       0         4      
       pre_init.obj                  4       0         0      
       stkdepth_vars.obj             0       0         4      
       mpu_init.obj                  2       0         0      
       startup.obj                   2       0         0      
    +--+-----------------------------+-------+---------+---------+
       Total:                        7830    257       268    
                                                              
       Stack:                        0       0         512    
       Linker Generated:             0       250       0      
    +--+-----------------------------+-------+---------+---------+
       Grand Total:                  23870   1269      2268   


LINKER GENERATED COPY TABLES

__TI_cinit_table @ 00006230 records: 2, size/record: 8, table size: 16
	.data: load addr=00006140, load size=000000d6 bytes, run addr=200004f4, run size=000001ec bytes, compression=lzss
	.bss: load addr=00006228, load size=00000008 bytes, run addr=20000000, run size=000004f2 bytes, compression=zero_init


LINKER GENERATED HANDLER TABLE

__TI_handler_table @ 00006218 records: 3, size/record: 4, table size: 12
	index: 0, handler: __TI_decompress_lzss
	index: 1, handler: __TI_decompress_none
	index: 2, handler: __TI_zero_init


GLOBAL SYMBOLS: SORTED ALPHABETICALLY BY Name 

address   name                                      
-------   ----                                      
00005a2d  C$$EXIT                                   
00005e2f  CPU_cpsie                                 
000053d9  CS_initClockSignal                        
00005e3b  EUSCI_A_SPI_enable                        
00005e6d  EUSCI_A_SPI_receiveData                   
00005e79  EUSCI_A_SPI_transmitData                  
00005e47  EUSCI_B_SPI_enable                        
00005e73  EUSCI_B_SPI_receiveData                   
00005e7d  EUSCI_B_SPI_transmitData                  
0000454f  EusciA0_ISR                               
00005c5d  GPIO_setAsOutputPin                       
00005b6d  GPIO_setAsPeripheralModuleFunctionInputPin
00005d71  GPIO_setOutputHighOnPin                   
00005d15  GPIO_setOutputLowOnPin                    
00005d85  GPIO_toggleOutputOnPin                    
000058ad  Interrupt_enableInterrupt                 
00005e11  Interrupt_enableMaster                    
UNDEFED   SHT$$INIT_ARRAY$$Base                     
UNDEFED   SHT$$INIT_ARRAY$$Limit                    
00005ce1  SPI_enableModule                          
00005555  SPI_initMaster                            
00005cfb  SPI_receiveData                           
00005ca5  SPI_transmitData                          
00004501  StringFromFResult                         
0000453f  SysTick_ISR                               
00005d99  SysTick_enableInterrupt                   
00005dad  SysTick_enableModule                      
00005e55  SysTick_setPeriod                         
200006dc  SystemCoreClock                           
000048c1  SystemCoreClockUpdate                     
00004b35  SystemInit                                
00005d45  UART_enableInterrupt                      
00005c81  UART_transmitData                         
4000480c  WDTCTL_SYM                                
20010000  __STACK_END                               
00000200  __STACK_SIZE                              
00006230  __TI_CINIT_Base                           
00006240  __TI_CINIT_Limit                          
00006218  __TI_Handler_Table_Base                   
00006224  __TI_Handler_Table_Limit                  
00005765  __TI_auto_init                            
200006b4  __TI_cleanup_ptr                          
00005845  __TI_decompress_lzss                      
00005e21  __TI_decompress_none                      
200006b8  __TI_dtors_ptr                            
200006bc  __TI_enable_exit_profile_output           
ffffffff  __TI_pprof_out_hndl                       
00003395  __TI_printfi                              
ffffffff  __TI_prof_data_size                       
ffffffff  __TI_prof_data_start                      
00000000  __TI_static_base__                        
00005e61  __TI_zero_init                            
000055dd  __aeabi_cdcmpeq                           
000055dd  __aeabi_cdcmple                           
00005663  __aeabi_cdrcmple                          
00005bb5  __aeabi_d2iz                              
00004de7  __aeabi_dadd                              
00004f93  __aeabi_ddiv                              
000051e1  __aeabi_dmul                              
00004ddd  __aeabi_dsub                              
00005c2d  __aeabi_i2d                               
000056e9  __aeabi_memclr                            
000056e9  __aeabi_memclr4                           
000056e9  __aeabi_memclr8                           
000054b9  __aeabi_memcpy                            
000054b9  __aeabi_memcpy4                           
000054b9  __aeabi_memcpy8                           
000056eb  __aeabi_memset                            
000056eb  __aeabi_memset4                           
000056eb  __aeabi_memset8                           
00004be9  __aeabi_uldivmod                          
ffffffff  __binit__                                 
ffffffff  __c_args__                                
00002b4f  __mpu_init                                
2000fe00  __stack                                   
00005d2d  _args_main                                
000059d9  _c_int00                                  
00005fbe  _ctypes_                                  
200004f4  _ftable                                   
200006cc  _lock                                     
00005dcf  _nop                                      
00005dc7  _register_lock                            
00005dc1  _register_unlock                          
00003c8f  _system_post_cinit                        
00005e81  _system_pre_init                          
200006d0  _unlock                                   
00005a31  abort                                     
00005ad5  atoi                                      
ffffffff  binit                                     
000003d9  clust2sect                                
00005b21  copy_in                                   
00005dd5  copysign                                  
00005dd5  copysignl                                 
00003f55  disk_initialize                           
000042a5  disk_ioctl                                
00004113  disk_read                                 
000040f9  disk_status                               
000044a7  disk_timerproc                            
000041bd  disk_write                                
200006d4  errno                                     
00005a39  exit                                      
000028e3  f_chmod                                   
00001fad  f_close                                   
000023a5  f_getfree                                 
00001fcd  f_lseek                                   
000026fd  f_mkdir                                   
0000174f  f_mount                                   
000017a1  f_open                                    
0000221b  f_opendir                                 
000019b9  f_read                                    
000022cb  f_readdir                                 
000029f7  f_rename                                  
00002355  f_stat                                    
00001eb1  f_sync                                    
00002507  f_truncate                                
000025fb  f_unlink                                  
00002973  f_utime                                   
00001c0d  f_write                                   
00005911  fputc                                     
0000592f  fputs                                     
00005975  frexp                                     
00005975  frexpl                                    
200005e4  g_psFResultStrings                        
00000409  get_fat                                   
000044eb  get_fattime                               
200006c0  gucCommandReady                           
00000000  interruptVectors                          
000052dd  ldexp                                     
000052dd  ldexpl                                    
00005a81  ltoa                                      
000045cd  main                                      
200006d8  main_func_sp                              
00005cc5  memccpy                                   
000054b9  memcpy                                    
000056f1  memset                                    
000057dd  printf                                    
0000052d  put_fat                                   
000052dd  scalbn                                    
000052dd  scalbnl                                   
00006124  spiMasterConfig                           
000050c9  spi_Close                                 
000050d5  spi_Open                                  
00005167  spi_Read                                  
0000510d  spi_Write                                 
00005d5b  strchr                                    
00005de9  strlen                                    
00006100  uartConfig                                


GLOBAL SYMBOLS: SORTED BY Symbol Address 

address   name                                      
-------   ----                                      
00000000  __TI_static_base__                        
00000000  interruptVectors                          
00000200  __STACK_SIZE                              
000003d9  clust2sect                                
00000409  get_fat                                   
0000052d  put_fat                                   
0000174f  f_mount                                   
000017a1  f_open                                    
000019b9  f_read                                    
00001c0d  f_write                                   
00001eb1  f_sync                                    
00001fad  f_close                                   
00001fcd  f_lseek                                   
0000221b  f_opendir                                 
000022cb  f_readdir                                 
00002355  f_stat                                    
000023a5  f_getfree                                 
00002507  f_truncate                                
000025fb  f_unlink                                  
000026fd  f_mkdir                                   
000028e3  f_chmod                                   
00002973  f_utime                                   
000029f7  f_rename                                  
00002b4f  __mpu_init                                
00003395  __TI_printfi                              
00003c8f  _system_post_cinit                        
00003f55  disk_initialize                           
000040f9  disk_status                               
00004113  disk_read                                 
000041bd  disk_write                                
000042a5  disk_ioctl                                
000044a7  disk_timerproc                            
000044eb  get_fattime                               
00004501  StringFromFResult                         
0000453f  SysTick_ISR                               
0000454f  EusciA0_ISR                               
000045cd  main                                      
000048c1  SystemCoreClockUpdate                     
00004b35  SystemInit                                
00004be9  __aeabi_uldivmod                          
00004ddd  __aeabi_dsub                              
00004de7  __aeabi_dadd                              
00004f93  __aeabi_ddiv                              
000050c9  spi_Close                                 
000050d5  spi_Open                                  
0000510d  spi_Write                                 
00005167  spi_Read                                  
000051e1  __aeabi_dmul                              
000052dd  ldexp                                     
000052dd  ldexpl                                    
000052dd  scalbn                                    
000052dd  scalbnl                                   
000053d9  CS_initClockSignal                        
000054b9  __aeabi_memcpy                            
000054b9  __aeabi_memcpy4                           
000054b9  __aeabi_memcpy8                           
000054b9  memcpy                                    
00005555  SPI_initMaster                            
000055dd  __aeabi_cdcmpeq                           
000055dd  __aeabi_cdcmple                           
00005663  __aeabi_cdrcmple                          
000056e9  __aeabi_memclr                            
000056e9  __aeabi_memclr4                           
000056e9  __aeabi_memclr8                           
000056eb  __aeabi_memset                            
000056eb  __aeabi_memset4                           
000056eb  __aeabi_memset8                           
000056f1  memset                                    
00005765  __TI_auto_init                            
000057dd  printf                                    
00005845  __TI_decompress_lzss                      
000058ad  Interrupt_enableInterrupt                 
00005911  fputc                                     
0000592f  fputs                                     
00005975  frexp                                     
00005975  frexpl                                    
000059d9  _c_int00                                  
00005a2d  C$$EXIT                                   
00005a31  abort                                     
00005a39  exit                                      
00005a81  ltoa                                      
00005ad5  atoi                                      
00005b21  copy_in                                   
00005b6d  GPIO_setAsPeripheralModuleFunctionInputPin
00005bb5  __aeabi_d2iz                              
00005c2d  __aeabi_i2d                               
00005c5d  GPIO_setAsOutputPin                       
00005c81  UART_transmitData                         
00005ca5  SPI_transmitData                          
00005cc5  memccpy                                   
00005ce1  SPI_enableModule                          
00005cfb  SPI_receiveData                           
00005d15  GPIO_setOutputLowOnPin                    
00005d2d  _args_main                                
00005d45  UART_enableInterrupt                      
00005d5b  strchr                                    
00005d71  GPIO_setOutputHighOnPin                   
00005d85  GPIO_toggleOutputOnPin                    
00005d99  SysTick_enableInterrupt                   
00005dad  SysTick_enableModule                      
00005dc1  _register_unlock                          
00005dc7  _register_lock                            
00005dcf  _nop                                      
00005dd5  copysign                                  
00005dd5  copysignl                                 
00005de9  strlen                                    
00005e11  Interrupt_enableMaster                    
00005e21  __TI_decompress_none                      
00005e2f  CPU_cpsie                                 
00005e3b  EUSCI_A_SPI_enable                        
00005e47  EUSCI_B_SPI_enable                        
00005e55  SysTick_setPeriod                         
00005e61  __TI_zero_init                            
00005e6d  EUSCI_A_SPI_receiveData                   
00005e73  EUSCI_B_SPI_receiveData                   
00005e79  EUSCI_A_SPI_transmitData                  
00005e7d  EUSCI_B_SPI_transmitData                  
00005e81  _system_pre_init                          
00005fbe  _ctypes_                                  
00006100  uartConfig                                
00006124  spiMasterConfig                           
00006218  __TI_Handler_Table_Base                   
00006224  __TI_Handler_Table_Limit                  
00006230  __TI_CINIT_Base                           
00006240  __TI_CINIT_Limit                          
200004f4  _ftable                                   
200005e4  g_psFResultStrings                        
200006b4  __TI_cleanup_ptr                          
200006b8  __TI_dtors_ptr                            
200006bc  __TI_enable_exit_profile_output           
200006c0  gucCommandReady                           
200006cc  _lock                                     
200006d0  _unlock                                   
200006d4  errno                                     
200006d8  main_func_sp                              
200006dc  SystemCoreClock                           
2000fe00  __stack                                   
20010000  __STACK_END                               
4000480c  WDTCTL_SYM                                
ffffffff  __TI_pprof_out_hndl                       
ffffffff  __TI_prof_data_size                       
ffffffff  __TI_prof_data_start                      
ffffffff  __binit__                                 
ffffffff  __c_args__                                
ffffffff  binit                                     
UNDEFED   SHT$$INIT_ARRAY$$Base                     
UNDEFED   SHT$$INIT_ARRAY$$Limit                    

[147 symbols]
